{'family': 'R', 'seed': 90100, 'r': 1, 'lam_cpu': 1.0, 'lam_gpu': 1.0, 'lam_match': True, 'auc_cpu': 1.0, 'auc_gpu': 1.0, 'max_abs_p_diff': 2.220446049250313e-16, 'label_mismatches': 0, 'secs_cpu': 1.6976051330566406, 'secs_gpu': 1.274350643157959, 'auc_diff': 0.0}
{'family': 'R', 'seed': 90100, 'r': 2, 'lam_cpu': 3.0, 'lam_gpu': 3.0, 'lam_match': True, 'auc_cpu': 1.0, 'auc_gpu': 1.0, 'max_abs_p_diff': 1.1102230246251565e-16, 'label_mismatches': 0, 'secs_cpu': 3.5835208892822266, 'secs_gpu': 1.315244197845459, 'auc_diff': 0.0}
{'family': 'R', 'seed': 90100, 'r': 3, 'lam_cpu': 3.0, 'lam_gpu': 3.0, 'lam_match': True, 'auc_cpu': 1.0, 'auc_gpu': 1.0, 'max_abs_p_diff': 2.220446049250313e-16, 'label_mismatches': 0, 'secs_cpu': 4.5146706104278564, 'secs_gpu': 1.5293562412261963, 'auc_diff': 0.0}
{'family': 'R', 'seed': 90100, 'r': 4, 'lam_cpu': 3.0, 'lam_gpu': 3.0, 'lam_match': True, 'auc_cpu': 1.0, 'auc_gpu': 1.0, 'max_abs_p_diff': 2.220446049250313e-16, 'label_mismatches': 0, 'secs_cpu': 5.475157260894775, 'secs_gpu': 1.802900791168213, 'auc_diff': 0.0}
{'family': 'R', 'seed': 90101, 'r': 1, 'lam_cpu': 1.0, 'lam_gpu': 1.0, 'lam_match': True, 'auc_cpu': 1.0, 'auc_gpu': 1.0, 'max_abs_p_diff': 1.1102230246251565e-16, 'label_mismatches': 0, 'secs_cpu': 1.680342435836792, 'secs_gpu': 1.46929931640625, 'auc_diff': 0.0}
{'family': 'R', 'seed': 90101, 'r': 2, 'lam_cpu': 3.0, 'lam_gpu': 3.0, 'lam_match': True, 'auc_cpu': 1.0, 'auc_gpu': 1.0, 'max_abs_p_diff': 1.1102230246251565e-16, 'label_mismatches': 0, 'secs_cpu': 3.6708970069885254, 'secs_gpu': 1.3825221061706543, 'auc_diff': 0.0}
{'family': 'R', 'seed': 90101, 'r': 3, 'lam_cpu': 3.0, 'lam_gpu': 3.0, 'lam_match': True, 'auc_cpu': 1.0, 'auc_gpu': 1.0, 'max_abs_p_diff': 2.220446049250313e-16, 'label_mismatches': 0, 'secs_cpu': 4.479421377182007, 'secs_gpu': 1.586256980895996, 'auc_diff': 0.0}
{'family': 'R', 'seed': 90101, 'r': 4, 'lam_cpu': 3.0, 'lam_gpu': 3.0, 'lam_match': True, 'auc_cpu': 1.0, 'auc_gpu': 1.0, 'max_abs_p_diff': 2.220446049250313e-16, 'label_mismatches': 0, 'secs_cpu': 5.441333293914795, 'secs_gpu': 1.6573379039764404, 'auc_diff': 0.0}
{'family': 'R', 'seed': 90102, 'r': 1, 'lam_cpu': 1.0, 'lam_gpu': 1.0, 'lam_match': True, 'auc_cpu': 1.0, 'auc_gpu': 1.0, 'max_abs_p_diff': 2.220446049250313e-16, 'label_mismatches': 0, 'secs_cpu': 1.6623592376708984, 'secs_gpu': 1.3569293022155762, 'auc_diff': 0.0}
{'family': 'R', 'seed': 90102, 'r': 2, 'lam_cpu': 3.0, 'lam_gpu': 3.0, 'lam_match': True, 'auc_cpu': 0.9912109375, 'auc_gpu': 0.9912109375, 'max_abs_p_diff': 2.220446049250313e-16, 'label_mismatches': 0, 'secs_cpu': 3.5390498638153076, 'secs_gpu': 1.571744441986084, 'auc_diff': 0.0}
{'family': 'R', 'seed': 90102, 'r': 3, 'lam_cpu': 3.0, 'lam_gpu': 3.0, 'lam_match': True, 'auc_cpu': 0.9892578125, 'auc_gpu': 0.9892578125, 'max_abs_p_diff': 2.220446049250313e-16, 'label_mismatches': 0, 'secs_cpu': 4.504915237426758, 'secs_gpu': 1.7924346923828125, 'auc_diff': 0.0}
{'family': 'R', 'seed': 90102, 'r': 4, 'lam_cpu': 3.0, 'lam_gpu': 3.0, 'lam_match': True, 'auc_cpu': 0.982421875, 'auc_gpu': 0.982421875, 'max_abs_p_diff': 1.1102230246251565e-16, 'label_mismatches': 0, 'secs_cpu': 5.413046836853027, 'secs_gpu': 1.4252729415893555, 'auc_diff': 0.0}
{'family': 'R', 'seed': 90103, 'r': 1, 'lam_cpu': 1.0, 'lam_gpu': 1.0, 'lam_match': True, 'auc_cpu': 1.0, 'auc_gpu': 1.0, 'max_abs_p_diff': 1.1102230246251565e-16, 'label_mismatches': 0, 'secs_cpu': 1.6648516654968262, 'secs_gpu': 1.3964903354644775, 'auc_diff': 0.0}
{'family': 'R', 'seed': 90103, 'r': 2, 'lam_cpu': 3.0, 'lam_gpu': 3.0, 'lam_match': True, 'auc_cpu': 1.0, 'auc_gpu': 1.0, 'max_abs_p_diff': 1.1102230246251565e-16, 'label_mismatches': 0, 'secs_cpu': 3.688619613647461, 'secs_gpu': 1.6672422885894775, 'auc_diff': 0.0}
{'family': 'R', 'seed': 90103, 'r': 3, 'lam_cpu': 3.0, 'lam_gpu': 3.0, 'lam_match': True, 'auc_cpu': 1.0, 'auc_gpu': 1.0, 'max_abs_p_diff': 1.1102230246251565e-16, 'label_mismatches': 0, 'secs_cpu': 4.605614423751831, 'secs_gpu': 1.6479430198669434, 'auc_diff': 0.0}
{'family': 'R', 'seed': 90103, 'r': 4, 'lam_cpu': 3.0, 'lam_gpu': 3.0, 'lam_match': True, 'auc_cpu': 0.9990234375, 'auc_gpu': 0.9990234375, 'max_abs_p_diff': 2.220446049250313e-16, 'label_mismatches': 0, 'secs_cpu': 5.498759031295776, 'secs_gpu': 1.4269418716430664, 'auc_diff': 0.0}
{'family': 'R', 'seed': 90104, 'r': 1, 'lam_cpu': 1.0, 'lam_gpu': 1.0, 'lam_match': True, 'auc_cpu': 1.0, 'auc_gpu': 1.0, 'max_abs_p_diff': 1.1102230246251565e-16, 'label_mismatches': 0, 'secs_cpu': 1.6795153617858887, 'secs_gpu': 1.3657233715057373, 'auc_diff': 0.0}
{'family': 'R', 'seed': 90104, 'r': 2, 'lam_cpu': 3.0, 'lam_gpu': 3.0, 'lam_match': True, 'auc_cpu': 1.0, 'auc_gpu': 1.0, 'max_abs_p_diff': 1.1102230246251565e-16, 'label_mismatches': 0, 'secs_cpu': 3.69425368309021, 'secs_gpu': 1.4549634456634521, 'auc_diff': 0.0}
{'family': 'R', 'seed': 90104, 'r': 3, 'lam_cpu': 3.0, 'lam_gpu': 3.0, 'lam_match': True, 'auc_cpu': 1.0, 'auc_gpu': 1.0, 'max_abs_p_diff': 1.6653345369377348e-16, 'label_mismatches': 0, 'secs_cpu': 4.774256944656372, 'secs_gpu': 2.272075653076172, 'auc_diff': 0.0}
{'family': 'R', 'seed': 90104, 'r': 4, 'lam_cpu': 3.0, 'lam_gpu': 3.0, 'lam_match': True, 'auc_cpu': 1.0, 'auc_gpu': 1.0, 'max_abs_p_diff': 1.6653345369377348e-16, 'label_mismatches': 0, 'secs_cpu': 5.779736042022705, 'secs_gpu': 1.6485860347747803, 'auc_diff': 0.0}
{'family': 'Nf', 'seed': 90110, 'r': 1, 'lam_cpu': 100.0, 'lam_gpu': 100.0, 'lam_match': True, 'auc_cpu': 0.5078125, 'auc_gpu': 0.5078125, 'max_abs_p_diff': 0.0, 'label_mismatches': 0, 'secs_cpu': 1.807481050491333, 'secs_gpu': 1.3483686447143555, 'auc_diff': 0.0}
{'family': 'Nf', 'seed': 90110, 'r': 2, 'lam_cpu': 100.0, 'lam_gpu': 100.0, 'lam_match': True, 'auc_cpu': 0.5078125, 'auc_gpu': 0.5078125, 'max_abs_p_diff': 0.0, 'label_mismatches': 0, 'secs_cpu': 3.2917802333831787, 'secs_gpu': 1.6247327327728271, 'auc_diff': 0.0}
{'family': 'Nf', 'seed': 90110, 'r': 3, 'lam_cpu': 100.0, 'lam_gpu': 100.0, 'lam_match': True, 'auc_cpu': 0.5078125, 'auc_gpu': 0.5078125, 'max_abs_p_diff': 0.0, 'label_mismatches': 0, 'secs_cpu': 3.9132463932037354, 'secs_gpu': 1.299617052078247, 'auc_diff': 0.0}
{'family': 'Nf', 'seed': 90110, 'r': 4, 'lam_cpu': 100.0, 'lam_gpu': 100.0, 'lam_match': True, 'auc_cpu': 0.5078125, 'auc_gpu': 0.5078125, 'max_abs_p_diff': 0.0, 'label_mismatches': 0, 'secs_cpu': 4.677129745483398, 'secs_gpu': 1.4230358600616455, 'auc_diff': 0.0}
{'family': 'Nf', 'seed': 90111, 'r': 1, 'lam_cpu': 100.0, 'lam_gpu': 100.0, 'lam_match': True, 'auc_cpu': 0.548828125, 'auc_gpu': 0.548828125, 'max_abs_p_diff': 0.0, 'label_mismatches': 0, 'secs_cpu': 1.80930757522583, 'secs_gpu': 1.122385025024414, 'auc_diff': 0.0}
{'family': 'Nf', 'seed': 90111, 'r': 2, 'lam_cpu': 100.0, 'lam_gpu': 100.0, 'lam_match': True, 'auc_cpu': 0.548828125, 'auc_gpu': 0.548828125, 'max_abs_p_diff': 0.0, 'label_mismatches': 0, 'secs_cpu': 3.328943967819214, 'secs_gpu': 1.7647724151611328, 'auc_diff': 0.0}
{'family': 'Nf', 'seed': 90111, 'r': 3, 'lam_cpu': 100.0, 'lam_gpu': 100.0, 'lam_match': True, 'auc_cpu': 0.548828125, 'auc_gpu': 0.548828125, 'max_abs_p_diff': 0.0, 'label_mismatches': 0, 'secs_cpu': 4.033609867095947, 'secs_gpu': 1.5646193027496338, 'auc_diff': 0.0}
{'family': 'Nf', 'seed': 90111, 'r': 4, 'lam_cpu': 100.0, 'lam_gpu': 100.0, 'lam_match': True, 'auc_cpu': 0.548828125, 'auc_gpu': 0.548828125, 'max_abs_p_diff': 0.0, 'label_mismatches': 0, 'secs_cpu': 4.8286452293396, 'secs_gpu': 1.262141227722168, 'auc_diff': 0.0}
{'family': 'Nf', 'seed': 90112, 'r': 1, 'lam_cpu': 100.0, 'lam_gpu': 100.0, 'lam_match': True, 'auc_cpu': 0.50390625, 'auc_gpu': 0.50390625, 'max_abs_p_diff': 0.0, 'label_mismatches': 0, 'secs_cpu': 1.7466561794281006, 'secs_gpu': 1.4414341449737549, 'auc_diff': 0.0}
{'family': 'Nf', 'seed': 90112, 'r': 2, 'lam_cpu': 3.0, 'lam_gpu': 3.0, 'lam_match': True, 'auc_cpu': 0.5556640625, 'auc_gpu': 0.5556640625, 'max_abs_p_diff': 1.1102230246251565e-16, 'label_mismatches': 0, 'secs_cpu': 3.271548271179199, 'secs_gpu': 1.293172836303711, 'auc_diff': 0.0}
{'family': 'Nf', 'seed': 90112, 'r': 3, 'lam_cpu': 100.0, 'lam_gpu': 100.0, 'lam_match': True, 'auc_cpu': 0.50390625, 'auc_gpu': 0.50390625, 'max_abs_p_diff': 0.0, 'label_mismatches': 0, 'secs_cpu': 3.851073980331421, 'secs_gpu': 1.429478645324707, 'auc_diff': 0.0}
{'family': 'Nf', 'seed': 90112, 'r': 4, 'lam_cpu': 100.0, 'lam_gpu': 100.0, 'lam_match': True, 'auc_cpu': 0.50390625, 'auc_gpu': 0.50390625, 'max_abs_p_diff': 0.0, 'label_mismatches': 0, 'secs_cpu': 4.683622360229492, 'secs_gpu': 1.423030138015747, 'auc_diff': 0.0}
{'family': 'Nf', 'seed': 90113, 'r': 1, 'lam_cpu': 100.0, 'lam_gpu': 100.0, 'lam_match': True, 'auc_cpu': 0.5029296875, 'auc_gpu': 0.5029296875, 'max_abs_p_diff': 0.0, 'label_mismatches': 0, 'secs_cpu': 1.8263919353485107, 'secs_gpu': 1.592811107635498, 'auc_diff': 0.0}
{'family': 'Nf', 'seed': 90113, 'r': 2, 'lam_cpu': 100.0, 'lam_gpu': 100.0, 'lam_match': True, 'auc_cpu': 0.5029296875, 'auc_gpu': 0.5029296875, 'max_abs_p_diff': 0.0, 'label_mismatches': 0, 'secs_cpu': 3.289865255355835, 'secs_gpu': 1.2524921894073486, 'auc_diff': 0.0}
{'family': 'Nf', 'seed': 90113, 'r': 3, 'lam_cpu': 100.0, 'lam_gpu': 100.0, 'lam_match': True, 'auc_cpu': 0.5029296875, 'auc_gpu': 0.5029296875, 'max_abs_p_diff': 0.0, 'label_mismatches': 0, 'secs_cpu': 4.085937261581421, 'secs_gpu': 1.399982213973999, 'auc_diff': 0.0}
{'family': 'Nf', 'seed': 90113, 'r': 4, 'lam_cpu': 100.0, 'lam_gpu': 100.0, 'lam_match': True, 'auc_cpu': 0.5029296875, 'auc_gpu': 0.5029296875, 'max_abs_p_diff': 0.0, 'label_mismatches': 0, 'secs_cpu': 4.722831726074219, 'secs_gpu': 1.8661887645721436, 'auc_diff': 0.0}
{'family': 'Nf', 'seed': 90114, 'r': 1, 'lam_cpu': 100.0, 'lam_gpu': 100.0, 'lam_match': True, 'auc_cpu': 0.5224609375, 'auc_gpu': 0.5224609375, 'max_abs_p_diff': 0.0, 'label_mismatches': 0, 'secs_cpu': 2.3816065788269043, 'secs_gpu': 1.492748737335205, 'auc_diff': 0.0}
{'family': 'Nf', 'seed': 90114, 'r': 2, 'lam_cpu': 100.0, 'lam_gpu': 100.0, 'lam_match': True, 'auc_cpu': 0.5224609375, 'auc_gpu': 0.5224609375, 'max_abs_p_diff': 0.0, 'label_mismatches': 0, 'secs_cpu': 4.377787113189697, 'secs_gpu': 2.0177969932556152, 'auc_diff': 0.0}
{'family': 'Nf', 'seed': 90114, 'r': 3, 'lam_cpu': 100.0, 'lam_gpu': 100.0, 'lam_match': True, 'auc_cpu': 0.5224609375, 'auc_gpu': 0.5224609375, 'max_abs_p_diff': 0.0, 'label_mismatches': 0, 'secs_cpu': 4.43006157875061, 'secs_gpu': 2.147953748703003, 'auc_diff': 0.0}
{'family': 'Nf', 'seed': 90114, 'r': 4, 'lam_cpu': 100.0, 'lam_gpu': 100.0, 'lam_match': True, 'auc_cpu': 0.5224609375, 'auc_gpu': 0.5224609375, 'max_abs_p_diff': 0.0, 'label_mismatches': 0, 'secs_cpu': 5.647629499435425, 'secs_gpu': 2.0367720127105713, 'auc_diff': 0.0}
{'family': 'No', 'seed': 90120, 'r': 1, 'lam_cpu': 1.0, 'lam_gpu': 1.0, 'lam_match': True, 'auc_cpu': 0.4990234375, 'auc_gpu': 0.4990234375, 'max_abs_p_diff': 1.1102230246251565e-16, 'label_mismatches': 0, 'secs_cpu': 2.056452989578247, 'secs_gpu': 1.6315009593963623, 'auc_diff': 0.0}
{'family': 'No', 'seed': 90120, 'r': 2, 'lam_cpu': 3.0, 'lam_gpu': 3.0, 'lam_match': True, 'auc_cpu': 0.4833984375, 'auc_gpu': 0.4833984375, 'max_abs_p_diff': 2.220446049250313e-16, 'label_mismatches': 0, 'secs_cpu': 4.424412727355957, 'secs_gpu': 2.4149913787841797, 'auc_diff': 0.0}
{'family': 'No', 'seed': 90120, 'r': 3, 'lam_cpu': 3.0, 'lam_gpu': 3.0, 'lam_match': True, 'auc_cpu': 0.4794921875, 'auc_gpu': 0.4794921875, 'max_abs_p_diff': 2.220446049250313e-16, 'label_mismatches': 0, 'secs_cpu': 5.101669788360596, 'secs_gpu': 2.3930749893188477, 'auc_diff': 0.0}
{'family': 'No', 'seed': 90120, 'r': 4, 'lam_cpu': 3.0, 'lam_gpu': 3.0, 'lam_match': True, 'auc_cpu': 0.5126953125, 'auc_gpu': 0.5126953125, 'max_abs_p_diff': 1.6653345369377348e-16, 'label_mismatches': 0, 'secs_cpu': 6.877748727798462, 'secs_gpu': 2.6447060108184814, 'auc_diff': 0.0}
{'family': 'No', 'seed': 90121, 'r': 1, 'lam_cpu': 1.0, 'lam_gpu': 1.0, 'lam_match': True, 'auc_cpu': 0.5, 'auc_gpu': 0.5, 'max_abs_p_diff': 1.1102230246251565e-16, 'label_mismatches': 0, 'secs_cpu': 2.0699398517608643, 'secs_gpu': 1.8675589561462402, 'auc_diff': 0.0}
{'family': 'No', 'seed': 90121, 'r': 2, 'lam_cpu': 3.0, 'lam_gpu': 3.0, 'lam_match': True, 'auc_cpu': 0.5009765625, 'auc_gpu': 0.5009765625, 'max_abs_p_diff': 2.220446049250313e-16, 'label_mismatches': 0, 'secs_cpu': 4.518935203552246, 'secs_gpu': 2.2250475883483887, 'auc_diff': 0.0}
{'family': 'No', 'seed': 90121, 'r': 3, 'lam_cpu': 3.0, 'lam_gpu': 3.0, 'lam_match': True, 'auc_cpu': 0.5009765625, 'auc_gpu': 0.5009765625, 'max_abs_p_diff': 2.220446049250313e-16, 'label_mismatches': 0, 'secs_cpu': 5.432585000991821, 'secs_gpu': 2.210115432739258, 'auc_diff': 0.0}
{'family': 'No', 'seed': 90121, 'r': 4, 'lam_cpu': 3.0, 'lam_gpu': 3.0, 'lam_match': True, 'auc_cpu': 0.5126953125, 'auc_gpu': 0.5126953125, 'max_abs_p_diff': 2.220446049250313e-16, 'label_mismatches': 0, 'secs_cpu': 6.3319456577301025, 'secs_gpu': 2.2559926509857178, 'auc_diff': 0.0}
{'family': 'No', 'seed': 90122, 'r': 1, 'lam_cpu': 1.0, 'lam_gpu': 1.0, 'lam_match': True, 'auc_cpu': 0.505859375, 'auc_gpu': 0.505859375, 'max_abs_p_diff': 1.1102230246251565e-16, 'label_mismatches': 0, 'secs_cpu': 2.250047206878662, 'secs_gpu': 1.5781927108764648, 'auc_diff': 0.0}
{'family': 'No', 'seed': 90122, 'r': 2, 'lam_cpu': 3.0, 'lam_gpu': 3.0, 'lam_match': True, 'auc_cpu': 0.4755859375, 'auc_gpu': 0.4755859375, 'max_abs_p_diff': 2.220446049250313e-16, 'label_mismatches': 0, 'secs_cpu': 4.0619330406188965, 'secs_gpu': 2.3493218421936035, 'auc_diff': 0.0}
{'family': 'No', 'seed': 90122, 'r': 3, 'lam_cpu': 3.0, 'lam_gpu': 3.0, 'lam_match': True, 'auc_cpu': 0.46875, 'auc_gpu': 0.46875, 'max_abs_p_diff': 2.220446049250313e-16, 'label_mismatches': 0, 'secs_cpu': 5.279963970184326, 'secs_gpu': 2.2504968643188477, 'auc_diff': 0.0}
{'family': 'No', 'seed': 90122, 'r': 4, 'lam_cpu': 3.0, 'lam_gpu': 3.0, 'lam_match': True, 'auc_cpu': 0.4697265625, 'auc_gpu': 0.4697265625, 'max_abs_p_diff': 2.220446049250313e-16, 'label_mismatches': 0, 'secs_cpu': 6.153028249740601, 'secs_gpu': 2.4020445346832275, 'auc_diff': 0.0}
{'family': 'No', 'seed': 90123, 'r': 1, 'lam_cpu': 1.0, 'lam_gpu': 1.0, 'lam_match': True, 'auc_cpu': 0.4775390625, 'auc_gpu': 0.4775390625, 'max_abs_p_diff': 2.220446049250313e-16, 'label_mismatches': 0, 'secs_cpu': 2.431112766265869, 'secs_gpu': 1.7769219875335693, 'auc_diff': 0.0}
{'family': 'No', 'seed': 90123, 'r': 2, 'lam_cpu': 3.0, 'lam_gpu': 3.0, 'lam_match': True, 'auc_cpu': 0.49609375, 'auc_gpu': 0.49609375, 'max_abs_p_diff': 2.220446049250313e-16, 'label_mismatches': 0, 'secs_cpu': 4.032962322235107, 'secs_gpu': 2.2477283477783203, 'auc_diff': 0.0}
{'family': 'No', 'seed': 90123, 'r': 3, 'lam_cpu': 3.0, 'lam_gpu': 3.0, 'lam_match': True, 'auc_cpu': 0.4775390625, 'auc_gpu': 0.4775390625, 'max_abs_p_diff': 3.3306690738754696e-16, 'label_mismatches': 0, 'secs_cpu': 5.716121196746826, 'secs_gpu': 2.268723726272583, 'auc_diff': 0.0}
{'family': 'No', 'seed': 90123, 'r': 4, 'lam_cpu': 3.0, 'lam_gpu': 3.0, 'lam_match': True, 'auc_cpu': 0.4716796875, 'auc_gpu': 0.4716796875, 'max_abs_p_diff': 1.1102230246251565e-16, 'label_mismatches': 0, 'secs_cpu': 6.665164470672607, 'secs_gpu': 2.384902238845825, 'auc_diff': 0.0}
{'family': 'No', 'seed': 90124, 'r': 1, 'lam_cpu': 1.0, 'lam_gpu': 1.0, 'lam_match': True, 'auc_cpu': 0.4873046875, 'auc_gpu': 0.4873046875, 'max_abs_p_diff': 1.1102230246251565e-16, 'label_mismatches': 0, 'secs_cpu': 2.4278523921966553, 'secs_gpu': 2.149317979812622, 'auc_diff': 0.0}
{'family': 'No', 'seed': 90124, 'r': 2, 'lam_cpu': 3.0, 'lam_gpu': 3.0, 'lam_match': True, 'auc_cpu': 0.4794921875, 'auc_gpu': 0.4794921875, 'max_abs_p_diff': 1.1102230246251565e-16, 'label_mismatches': 0, 'secs_cpu': 5.3059070110321045, 'secs_gpu': 8.506288528442383, 'auc_diff': 0.0}
{'family': 'No', 'seed': 90124, 'r': 3, 'lam_cpu': 3.0, 'lam_gpu': 3.0, 'lam_match': True, 'auc_cpu': 0.4990234375, 'auc_gpu': 0.4990234375, 'max_abs_p_diff': 2.220446049250313e-16, 'label_mismatches': 0, 'secs_cpu': 5.537444353103638, 'secs_gpu': 4.7017822265625, 'auc_diff': 0.0}
{'family': 'No', 'seed': 90124, 'r': 4, 'lam_cpu': 3.0, 'lam_gpu': 3.0, 'lam_match': True, 'auc_cpu': 0.50390625, 'auc_gpu': 0.50390625, 'max_abs_p_diff': 1.1102230246251565e-16, 'label_mismatches': 0, 'secs_cpu': 5.6009202003479, 'secs_gpu': 13.41502833366394, 'auc_diff': 0.0}
{'family': 'W', 'seed': 90130, 'r': 1, 'lam_cpu': 1.0, 'lam_gpu': 1.0, 'lam_match': True, 'auc_cpu': 0.515625, 'auc_gpu': 0.515625, 'max_abs_p_diff': 2.220446049250313e-16, 'label_mismatches': 0, 'secs_cpu': 2.0626637935638428, 'secs_gpu': 1.869999647140503, 'auc_diff': 0.0}
{'family': 'W', 'seed': 90130, 'r': 2, 'lam_cpu': 1.0, 'lam_gpu': 1.0, 'lam_match': True, 'auc_cpu': 0.7451171875, 'auc_gpu': 0.7451171875, 'max_abs_p_diff': 2.220446049250313e-16, 'label_mismatches': 0, 'secs_cpu': 4.183173894882202, 'secs_gpu': 17.220792770385742, 'auc_diff': 0.0}
{'family': 'W', 'seed': 90130, 'r': 3, 'lam_cpu': 1.0, 'lam_gpu': 1.0, 'lam_match': True, 'auc_cpu': 0.6845703125, 'auc_gpu': 0.6845703125, 'max_abs_p_diff': 2.220446049250313e-16, 'label_mismatches': 0, 'secs_cpu': 4.55250358581543, 'secs_gpu': 4.413630485534668, 'auc_diff': 0.0}
{'family': 'W', 'seed': 90130, 'r': 4, 'lam_cpu': 1.0, 'lam_gpu': 1.0, 'lam_match': True, 'auc_cpu': 0.689453125, 'auc_gpu': 0.689453125, 'max_abs_p_diff': 2.220446049250313e-16, 'label_mismatches': 0, 'secs_cpu': 8.685484886169434, 'secs_gpu': 20.88973093032837, 'auc_diff': 0.0}
{'family': 'W', 'seed': 90131, 'r': 1, 'lam_cpu': 1.0, 'lam_gpu': 1.0, 'lam_match': True, 'auc_cpu': 0.53515625, 'auc_gpu': 0.53515625, 'max_abs_p_diff': 1.1102230246251565e-16, 'label_mismatches': 0, 'secs_cpu': 1.8476665019989014, 'secs_gpu': 5.8775599002838135, 'auc_diff': 0.0}
{'family': 'W', 'seed': 90131, 'r': 2, 'lam_cpu': 1.0, 'lam_gpu': 1.0, 'lam_match': True, 'auc_cpu': 0.7294921875, 'auc_gpu': 0.7294921875, 'max_abs_p_diff': 2.220446049250313e-16, 'label_mismatches': 0, 'secs_cpu': 3.778313159942627, 'secs_gpu': 1.903066635131836, 'auc_diff': 0.0}
{'family': 'W', 'seed': 90131, 'r': 3, 'lam_cpu': 1.0, 'lam_gpu': 1.0, 'lam_match': True, 'auc_cpu': 0.6953125, 'auc_gpu': 0.6953125, 'max_abs_p_diff': 2.220446049250313e-16, 'label_mismatches': 0, 'secs_cpu': 5.54375433921814, 'secs_gpu': 2.0215744972229004, 'auc_diff': 0.0}
{'family': 'W', 'seed': 90131, 'r': 4, 'lam_cpu': 1.0, 'lam_gpu': 1.0, 'lam_match': True, 'auc_cpu': 0.677734375, 'auc_gpu': 0.677734375, 'max_abs_p_diff': 3.3306690738754696e-16, 'label_mismatches': 0, 'secs_cpu': 7.346835613250732, 'secs_gpu': 2.288254976272583, 'auc_diff': 0.0}
{'family': 'W', 'seed': 90132, 'r': 1, 'lam_cpu': 1.0, 'lam_gpu': 1.0, 'lam_match': True, 'auc_cpu': 0.5205078125, 'auc_gpu': 0.5205078125, 'max_abs_p_diff': 1.1102230246251565e-16, 'label_mismatches': 0, 'secs_cpu': 2.1268646717071533, 'secs_gpu': 1.798163652420044, 'auc_diff': 0.0}
{'family': 'W', 'seed': 90132, 'r': 2, 'lam_cpu': 1.0, 'lam_gpu': 1.0, 'lam_match': True, 'auc_cpu': 0.7333984375, 'auc_gpu': 0.7333984375, 'max_abs_p_diff': 2.220446049250313e-16, 'label_mismatches': 0, 'secs_cpu': 4.332981824874878, 'secs_gpu': 2.1543638706207275, 'auc_diff': 0.0}
{'family': 'W', 'seed': 90132, 'r': 3, 'lam_cpu': 1.0, 'lam_gpu': 1.0, 'lam_match': True, 'auc_cpu': 0.7041015625, 'auc_gpu': 0.7041015625, 'max_abs_p_diff': 2.220446049250313e-16, 'label_mismatches': 0, 'secs_cpu': 5.235341548919678, 'secs_gpu': 2.2308030128479004, 'auc_diff': 0.0}
{'family': 'W', 'seed': 90132, 'r': 4, 'lam_cpu': 1.0, 'lam_gpu': 1.0, 'lam_match': True, 'auc_cpu': 0.681640625, 'auc_gpu': 0.681640625, 'max_abs_p_diff': 2.220446049250313e-16, 'label_mismatches': 0, 'secs_cpu': 7.936488628387451, 'secs_gpu': 2.5265133380889893, 'auc_diff': 0.0}
{'family': 'W', 'seed': 90133, 'r': 1, 'lam_cpu': 1.0, 'lam_gpu': 1.0, 'lam_match': True, 'auc_cpu': 0.5185546875, 'auc_gpu': 0.5185546875, 'max_abs_p_diff': 1.1102230246251565e-16, 'label_mismatches': 0, 'secs_cpu': 2.47495698928833, 'secs_gpu': 1.8759441375732422, 'auc_diff': 0.0}
{'family': 'W', 'seed': 90133, 'r': 2, 'lam_cpu': 1.0, 'lam_gpu': 1.0, 'lam_match': True, 'auc_cpu': 0.7548828125, 'auc_gpu': 0.7548828125, 'max_abs_p_diff': 2.220446049250313e-16, 'label_mismatches': 0, 'secs_cpu': 3.989384651184082, 'secs_gpu': 2.0214202404022217, 'auc_diff': 0.0}
{'family': 'W', 'seed': 90133, 'r': 3, 'lam_cpu': 1.0, 'lam_gpu': 1.0, 'lam_match': True, 'auc_cpu': 0.7509765625, 'auc_gpu': 0.7509765625, 'max_abs_p_diff': 2.220446049250313e-16, 'label_mismatches': 0, 'secs_cpu': 6.230235576629639, 'secs_gpu': 2.6814188957214355, 'auc_diff': 0.0}
{'family': 'W', 'seed': 90133, 'r': 4, 'lam_cpu': 1.0, 'lam_gpu': 1.0, 'lam_match': True, 'auc_cpu': 0.75, 'auc_gpu': 0.75, 'max_abs_p_diff': 2.220446049250313e-16, 'label_mismatches': 0, 'secs_cpu': 7.307679653167725, 'secs_gpu': 2.513676166534424, 'auc_diff': 0.0}
{'family': 'W', 'seed': 90134, 'r': 1, 'lam_cpu': 1.0, 'lam_gpu': 1.0, 'lam_match': True, 'auc_cpu': 0.5146484375, 'auc_gpu': 0.5146484375, 'max_abs_p_diff': 1.1102230246251565e-16, 'label_mismatches': 0, 'secs_cpu': 2.309077501296997, 'secs_gpu': 1.5894255638122559, 'auc_diff': 0.0}
{'family': 'W', 'seed': 90134, 'r': 2, 'lam_cpu': 1.0, 'lam_gpu': 1.0, 'lam_match': True, 'auc_cpu': 0.7529296875, 'auc_gpu': 0.7529296875, 'max_abs_p_diff': 2.220446049250313e-16, 'label_mismatches': 0, 'secs_cpu': 4.058379173278809, 'secs_gpu': 2.200941562652588, 'auc_diff': 0.0}
{'family': 'W', 'seed': 90134, 'r': 3, 'lam_cpu': 1.0, 'lam_gpu': 1.0, 'lam_match': True, 'auc_cpu': 0.7578125, 'auc_gpu': 0.7578125, 'max_abs_p_diff': 2.220446049250313e-16, 'label_mismatches': 0, 'secs_cpu': 6.643863916397095, 'secs_gpu': 2.485886812210083, 'auc_diff': 0.0}
{'family': 'W', 'seed': 90134, 'r': 4, 'lam_cpu': 3.0, 'lam_gpu': 3.0, 'lam_match': True, 'auc_cpu': 0.728515625, 'auc_gpu': 0.728515625, 'max_abs_p_diff': 2.220446049250313e-16, 'label_mismatches': 0, 'secs_cpu': 6.810526609420776, 'secs_gpu': 1.5745339393615723, 'auc_diff': 0.0}
{'family': 'M0.5', 'seed': 90140, 'r': 1, 'lam_cpu': 3.0, 'lam_gpu': 3.0, 'lam_match': True, 'auc_cpu': 0.736328125, 'auc_gpu': 0.736328125, 'max_abs_p_diff': 1.6653345369377348e-16, 'label_mismatches': 0, 'secs_cpu': 1.7938721179962158, 'secs_gpu': 1.2602720260620117, 'auc_diff': 0.0}
{'family': 'M0.5', 'seed': 90140, 'r': 2, 'lam_cpu': 100.0, 'lam_gpu': 100.0, 'lam_match': True, 'auc_cpu': 0.4931640625, 'auc_gpu': 0.4931640625, 'max_abs_p_diff': 0.0, 'label_mismatches': 0, 'secs_cpu': 3.3374240398406982, 'secs_gpu': 1.7515919208526611, 'auc_diff': 0.0}
{'family': 'M0.5', 'seed': 90140, 'r': 3, 'lam_cpu': 100.0, 'lam_gpu': 100.0, 'lam_match': True, 'auc_cpu': 0.4931640625, 'auc_gpu': 0.4931640625, 'max_abs_p_diff': 0.0, 'label_mismatches': 0, 'secs_cpu': 4.065800905227661, 'secs_gpu': 1.1769311428070068, 'auc_diff': 0.0}
{'family': 'M0.5', 'seed': 90140, 'r': 4, 'lam_cpu': 100.0, 'lam_gpu': 100.0, 'lam_match': True, 'auc_cpu': 0.4931640625, 'auc_gpu': 0.4931640625, 'max_abs_p_diff': 0.0, 'label_mismatches': 0, 'secs_cpu': 4.799060583114624, 'secs_gpu': 1.4951670169830322, 'auc_diff': 0.0}
{'family': 'M0.5', 'seed': 90141, 'r': 1, 'lam_cpu': 100.0, 'lam_gpu': 100.0, 'lam_match': True, 'auc_cpu': 0.4990234375, 'auc_gpu': 0.4990234375, 'max_abs_p_diff': 0.0, 'label_mismatches': 0, 'secs_cpu': 1.8609988689422607, 'secs_gpu': 1.2721810340881348, 'auc_diff': 0.0}
{'family': 'M0.5', 'seed': 90141, 'r': 2, 'lam_cpu': 100.0, 'lam_gpu': 100.0, 'lam_match': True, 'auc_cpu': 0.4990234375, 'auc_gpu': 0.4990234375, 'max_abs_p_diff': 0.0, 'label_mismatches': 0, 'secs_cpu': 4.107126235961914, 'secs_gpu': 2.345407009124756, 'auc_diff': 0.0}
{'family': 'M0.5', 'seed': 90141, 'r': 3, 'lam_cpu': 3.0, 'lam_gpu': 3.0, 'lam_match': True, 'auc_cpu': 0.56640625, 'auc_gpu': 0.56640625, 'max_abs_p_diff': 1.1102230246251565e-16, 'label_mismatches': 0, 'secs_cpu': 4.234625339508057, 'secs_gpu': 1.7362000942230225, 'auc_diff': 0.0}
{'family': 'M0.5', 'seed': 90141, 'r': 4, 'lam_cpu': 3.0, 'lam_gpu': 3.0, 'lam_match': True, 'auc_cpu': 0.5634765625, 'auc_gpu': 0.5634765625, 'max_abs_p_diff': 1.1102230246251565e-16, 'label_mismatches': 0, 'secs_cpu': 4.805222988128662, 'secs_gpu': 1.320155143737793, 'auc_diff': 0.0}
{'family': 'M0.5', 'seed': 90142, 'r': 1, 'lam_cpu': 3.0, 'lam_gpu': 3.0, 'lam_match': True, 'auc_cpu': 0.5283203125, 'auc_gpu': 0.5283203125, 'max_abs_p_diff': 5.551115123125783e-17, 'label_mismatches': 0, 'secs_cpu': 1.8299827575683594, 'secs_gpu': 1.357914924621582, 'auc_diff': 0.0}
{'family': 'M0.5', 'seed': 90142, 'r': 2, 'lam_cpu': 100.0, 'lam_gpu': 100.0, 'lam_match': True, 'auc_cpu': 0.4990234375, 'auc_gpu': 0.4990234375, 'max_abs_p_diff': 0.0, 'label_mismatches': 0, 'secs_cpu': 3.2876017093658447, 'secs_gpu': 1.2105743885040283, 'auc_diff': 0.0}
{'family': 'M0.5', 'seed': 90142, 'r': 3, 'lam_cpu': 100.0, 'lam_gpu': 100.0, 'lam_match': True, 'auc_cpu': 0.4990234375, 'auc_gpu': 0.4990234375, 'max_abs_p_diff': 0.0, 'label_mismatches': 0, 'secs_cpu': 4.078752040863037, 'secs_gpu': 1.1758875846862793, 'auc_diff': 0.0}
{'family': 'M0.5', 'seed': 90142, 'r': 4, 'lam_cpu': 100.0, 'lam_gpu': 100.0, 'lam_match': True, 'auc_cpu': 0.4990234375, 'auc_gpu': 0.4990234375, 'max_abs_p_diff': 0.0, 'label_mismatches': 0, 'secs_cpu': 4.650804281234741, 'secs_gpu': 1.3283472061157227, 'auc_diff': 0.0}
{'family': 'M0.5', 'seed': 90143, 'r': 1, 'lam_cpu': 100.0, 'lam_gpu': 100.0, 'lam_match': True, 'auc_cpu': 0.5263671875, 'auc_gpu': 0.5263671875, 'max_abs_p_diff': 0.0, 'label_mismatches': 0, 'secs_cpu': 1.8429756164550781, 'secs_gpu': 1.309420108795166, 'auc_diff': 0.0}
{'family': 'M0.5', 'seed': 90143, 'r': 2, 'lam_cpu': 100.0, 'lam_gpu': 100.0, 'lam_match': True, 'auc_cpu': 0.5263671875, 'auc_gpu': 0.5263671875, 'max_abs_p_diff': 0.0, 'label_mismatches': 0, 'secs_cpu': 3.2848587036132812, 'secs_gpu': 1.146249532699585, 'auc_diff': 0.0}
{'family': 'M0.5', 'seed': 90143, 'r': 3, 'lam_cpu': 100.0, 'lam_gpu': 100.0, 'lam_match': True, 'auc_cpu': 0.5263671875, 'auc_gpu': 0.5263671875, 'max_abs_p_diff': 0.0, 'label_mismatches': 0, 'secs_cpu': 4.020872354507446, 'secs_gpu': 1.4188714027404785, 'auc_diff': 0.0}
{'family': 'M0.5', 'seed': 90143, 'r': 4, 'lam_cpu': 3.0, 'lam_gpu': 3.0, 'lam_match': True, 'auc_cpu': 0.4892578125, 'auc_gpu': 0.4892578125, 'max_abs_p_diff': 1.1102230246251565e-16, 'label_mismatches': 0, 'secs_cpu': 4.814204692840576, 'secs_gpu': 1.6349806785583496, 'auc_diff': 0.0}
{'family': 'M0.5', 'seed': 90144, 'r': 1, 'lam_cpu': 100.0, 'lam_gpu': 100.0, 'lam_match': True, 'auc_cpu': 0.490234375, 'auc_gpu': 0.490234375, 'max_abs_p_diff': 0.0, 'label_mismatches': 0, 'secs_cpu': 1.8079392910003662, 'secs_gpu': 1.28462553024292, 'auc_diff': 0.0}
{'family': 'M0.5', 'seed': 90144, 'r': 2, 'lam_cpu': 3.0, 'lam_gpu': 3.0, 'lam_match': True, 'auc_cpu': 0.498046875, 'auc_gpu': 0.498046875, 'max_abs_p_diff': 1.1102230246251565e-16, 'label_mismatches': 0, 'secs_cpu': 3.175994396209717, 'secs_gpu': 1.1857450008392334, 'auc_diff': 0.0}
{'family': 'M0.5', 'seed': 90144, 'r': 3, 'lam_cpu': 3.0, 'lam_gpu': 3.0, 'lam_match': True, 'auc_cpu': 0.5537109375, 'auc_gpu': 0.5537109375, 'max_abs_p_diff': 1.6653345369377348e-16, 'label_mismatches': 0, 'secs_cpu': 4.031241416931152, 'secs_gpu': 1.2547252178192139, 'auc_diff': 0.0}
{'family': 'M0.5', 'seed': 90144, 'r': 4, 'lam_cpu': 100.0, 'lam_gpu': 100.0, 'lam_match': True, 'auc_cpu': 0.490234375, 'auc_gpu': 0.490234375, 'max_abs_p_diff': 0.0, 'label_mismatches': 0, 'secs_cpu': 4.6799938678741455, 'secs_gpu': 1.3912196159362793, 'auc_diff': 0.0}
{'family': 'M1.0', 'seed': 90150, 'r': 1, 'lam_cpu': 1.0, 'lam_gpu': 1.0, 'lam_match': True, 'auc_cpu': 0.96875, 'auc_gpu': 0.96875, 'max_abs_p_diff': 1.3744497762147034e-09, 'label_mismatches': 0, 'secs_cpu': 1.6902799606323242, 'secs_gpu': 1.285428762435913, 'auc_diff': 0.0}
{'family': 'M1.0', 'seed': 90150, 'r': 2, 'lam_cpu': 3.0, 'lam_gpu': 3.0, 'lam_match': True, 'auc_cpu': 0.8876953125, 'auc_gpu': 0.8876953125, 'max_abs_p_diff': 1.6653345369377348e-16, 'label_mismatches': 0, 'secs_cpu': 3.4897401332855225, 'secs_gpu': 1.2891476154327393, 'auc_diff': 0.0}
{'family': 'M1.0', 'seed': 90150, 'r': 3, 'lam_cpu': 3.0, 'lam_gpu': 3.0, 'lam_match': True, 'auc_cpu': 0.853515625, 'auc_gpu': 0.853515625, 'max_abs_p_diff': 1.3877787807814457e-16, 'label_mismatches': 0, 'secs_cpu': 4.504191637039185, 'secs_gpu': 1.8334405422210693, 'auc_diff': 0.0}
{'family': 'M1.0', 'seed': 90150, 'r': 4, 'lam_cpu': 3.0, 'lam_gpu': 3.0, 'lam_match': True, 'auc_cpu': 0.8564453125, 'auc_gpu': 0.8564453125, 'max_abs_p_diff': 2.220446049250313e-16, 'label_mismatches': 0, 'secs_cpu': 6.220967769622803, 'secs_gpu': 1.7248399257659912, 'auc_diff': 0.0}
{'family': 'M1.0', 'seed': 90151, 'r': 1, 'lam_cpu': 1.0, 'lam_gpu': 1.0, 'lam_match': True, 'auc_cpu': 0.97265625, 'auc_gpu': 0.97265625, 'max_abs_p_diff': 2.220446049250313e-16, 'label_mismatches': 0, 'secs_cpu': 2.263390064239502, 'secs_gpu': 1.220780611038208, 'auc_diff': 0.0}
{'family': 'M1.0', 'seed': 90151, 'r': 2, 'lam_cpu': 3.0, 'lam_gpu': 3.0, 'lam_match': True, 'auc_cpu': 0.9306640625, 'auc_gpu': 0.9306640625, 'max_abs_p_diff': 1.1102230246251565e-16, 'label_mismatches': 0, 'secs_cpu': 4.788867235183716, 'secs_gpu': 1.4714174270629883, 'auc_diff': 0.0}
{'family': 'M1.0', 'seed': 90151, 'r': 3, 'lam_cpu': 3.0, 'lam_gpu': 3.0, 'lam_match': True, 'auc_cpu': 0.8984375, 'auc_gpu': 0.8984375, 'max_abs_p_diff': 1.1102230246251565e-16, 'label_mismatches': 0, 'secs_cpu': 5.89397931098938, 'secs_gpu': 1.5481598377227783, 'auc_diff': 0.0}
{'family': 'M1.0', 'seed': 90151, 'r': 4, 'lam_cpu': 3.0, 'lam_gpu': 3.0, 'lam_match': True, 'auc_cpu': 0.8779296875, 'auc_gpu': 0.8779296875, 'max_abs_p_diff': 2.220446049250313e-16, 'label_mismatches': 0, 'secs_cpu': 8.27662992477417, 'secs_gpu': 1.5706586837768555, 'auc_diff': 0.0}
{'family': 'M1.0', 'seed': 90152, 'r': 1, 'lam_cpu': 3.0, 'lam_gpu': 3.0, 'lam_match': True, 'auc_cpu': 0.8525390625, 'auc_gpu': 0.8525390625, 'max_abs_p_diff': 1.1102230246251565e-16, 'label_mismatches': 0, 'secs_cpu': 2.259345293045044, 'secs_gpu': 1.1850221157073975, 'auc_diff': 0.0}
{'family': 'M1.0', 'seed': 90152, 'r': 2, 'lam_cpu': 3.0, 'lam_gpu': 3.0, 'lam_match': True, 'auc_cpu': 0.82421875, 'auc_gpu': 0.82421875, 'max_abs_p_diff': 1.1102230246251565e-16, 'label_mismatches': 0, 'secs_cpu': 4.569304466247559, 'secs_gpu': 1.5085358619689941, 'auc_diff': 0.0}
{'family': 'M1.0', 'seed': 90152, 'r': 3, 'lam_cpu': 3.0, 'lam_gpu': 3.0, 'lam_match': True, 'auc_cpu': 0.7978515625, 'auc_gpu': 0.7978515625, 'max_abs_p_diff': 2.220446049250313e-16, 'label_mismatches': 0, 'secs_cpu': 5.944177150726318, 'secs_gpu': 1.5163545608520508, 'auc_diff': 0.0}
{'family': 'M1.0', 'seed': 90152, 'r': 4, 'lam_cpu': 3.0, 'lam_gpu': 3.0, 'lam_match': True, 'auc_cpu': 0.7998046875, 'auc_gpu': 0.7998046875, 'max_abs_p_diff': 1.1102230246251565e-16, 'label_mismatches': 0, 'secs_cpu': 7.053707599639893, 'secs_gpu': 1.596529483795166, 'auc_diff': 0.0}
{'family': 'M1.0', 'seed': 90153, 'r': 1, 'lam_cpu': 1.0, 'lam_gpu': 1.0, 'lam_match': True, 'auc_cpu': 0.9697265625, 'auc_gpu': 0.9697265625, 'max_abs_p_diff': 1.1102230246251565e-16, 'label_mismatches': 0, 'secs_cpu': 2.249004602432251, 'secs_gpu': 1.2333059310913086, 'auc_diff': 0.0}
{'family': 'M1.0', 'seed': 90153, 'r': 2, 'lam_cpu': 3.0, 'lam_gpu': 3.0, 'lam_match': True, 'auc_cpu': 0.912109375, 'auc_gpu': 0.912109375, 'max_abs_p_diff': 2.220446049250313e-16, 'label_mismatches': 0, 'secs_cpu': 4.60024356842041, 'secs_gpu': 1.5000488758087158, 'auc_diff': 0.0}
{'family': 'M1.0', 'seed': 90153, 'r': 3, 'lam_cpu': 3.0, 'lam_gpu': 3.0, 'lam_match': True, 'auc_cpu': 0.9091796875, 'auc_gpu': 0.9091796875, 'max_abs_p_diff': 1.1102230246251565e-16, 'label_mismatches': 0, 'secs_cpu': 5.468647718429565, 'secs_gpu': 1.5483410358428955, 'auc_diff': 0.0}
{'family': 'M1.0', 'seed': 90153, 'r': 4, 'lam_cpu': 3.0, 'lam_gpu': 3.0, 'lam_match': True, 'auc_cpu': 0.88671875, 'auc_gpu': 0.88671875, 'max_abs_p_diff': 1.6653345369377348e-16, 'label_mismatches': 0, 'secs_cpu': 7.000284194946289, 'secs_gpu': 1.5500502586364746, 'auc_diff': 0.0}
{'family': 'M1.0', 'seed': 90154, 'r': 1, 'lam_cpu': 3.0, 'lam_gpu': 3.0, 'lam_match': True, 'auc_cpu': 0.759765625, 'auc_gpu': 0.759765625, 'max_abs_p_diff': 7.067112228753558e-09, 'label_mismatches': 0, 'secs_cpu': 2.300199270248413, 'secs_gpu': 1.2089920043945312, 'auc_diff': 0.0}
{'family': 'M1.0', 'seed': 90154, 'r': 2, 'lam_cpu': 3.0, 'lam_gpu': 3.0, 'lam_match': True, 'auc_cpu': 0.76953125, 'auc_gpu': 0.76953125, 'max_abs_p_diff': 1.1102230246251565e-16, 'label_mismatches': 0, 'secs_cpu': 4.674046039581299, 'secs_gpu': 1.4166946411132812, 'auc_diff': 0.0}
{'family': 'M1.0', 'seed': 90154, 'r': 3, 'lam_cpu': 3.0, 'lam_gpu': 3.0, 'lam_match': True, 'auc_cpu': 0.736328125, 'auc_gpu': 0.736328125, 'max_abs_p_diff': 2.220446049250313e-16, 'label_mismatches': 0, 'secs_cpu': 5.8002753257751465, 'secs_gpu': 1.6167452335357666, 'auc_diff': 0.0}
{'family': 'M1.0', 'seed': 90154, 'r': 4, 'lam_cpu': 3.0, 'lam_gpu': 3.0, 'lam_match': True, 'auc_cpu': 0.7216796875, 'auc_gpu': 0.7216796875, 'max_abs_p_diff': 1.1102230246251565e-16, 'label_mismatches': 0, 'secs_cpu': 6.883667707443237, 'secs_gpu': 1.6166460514068604, 'auc_diff': 0.0}
{'family': 'M0.6', 'seed': 90160, 'r': 1, 'lam_cpu': 3.0, 'lam_gpu': 3.0, 'lam_match': True, 'auc_cpu': 0.7333984375, 'auc_gpu': 0.7333984375, 'max_abs_p_diff': 1.1102230246251565e-16, 'label_mismatches': 0, 'secs_cpu': 2.338046073913574, 'secs_gpu': 1.4653806686401367, 'auc_diff': 0.0}
{'family': 'M0.6', 'seed': 90160, 'r': 2, 'lam_cpu': 3.0, 'lam_gpu': 3.0, 'lam_match': True, 'auc_cpu': 0.7255859375, 'auc_gpu': 0.7255859375, 'max_abs_p_diff': 2.220446049250313e-16, 'label_mismatches': 0, 'secs_cpu': 3.9821360111236572, 'secs_gpu': 1.3815515041351318, 'auc_diff': 0.0}
{'family': 'M0.6', 'seed': 90160, 'r': 3, 'lam_cpu': 3.0, 'lam_gpu': 3.0, 'lam_match': True, 'auc_cpu': 0.6982421875, 'auc_gpu': 0.6982421875, 'max_abs_p_diff': 1.1102230246251565e-16, 'label_mismatches': 0, 'secs_cpu': 5.3514392375946045, 'secs_gpu': 1.5500402450561523, 'auc_diff': 0.0}
{'family': 'M0.6', 'seed': 90160, 'r': 4, 'lam_cpu': 100.0, 'lam_gpu': 100.0, 'lam_match': True, 'auc_cpu': 0.5068359375, 'auc_gpu': 0.5068359375, 'max_abs_p_diff': 0.0, 'label_mismatches': 0, 'secs_cpu': 7.1740336418151855, 'secs_gpu': 1.4633393287658691, 'auc_diff': 0.0}
{'family': 'M0.6', 'seed': 90161, 'r': 1, 'lam_cpu': 3.0, 'lam_gpu': 3.0, 'lam_match': True, 'auc_cpu': 0.591796875, 'auc_gpu': 0.591796875, 'max_abs_p_diff': 5.551115123125783e-17, 'label_mismatches': 0, 'secs_cpu': 2.185873031616211, 'secs_gpu': 1.2093794345855713, 'auc_diff': 0.0}
{'family': 'M0.6', 'seed': 90161, 'r': 2, 'lam_cpu': 3.0, 'lam_gpu': 3.0, 'lam_match': True, 'auc_cpu': 0.6025390625, 'auc_gpu': 0.6025390625, 'max_abs_p_diff': 2.220446049250313e-16, 'label_mismatches': 0, 'secs_cpu': 4.383566856384277, 'secs_gpu': 1.4656894207000732, 'auc_diff': 0.0}
{'family': 'M0.6', 'seed': 90161, 'r': 3, 'lam_cpu': 100.0, 'lam_gpu': 100.0, 'lam_match': True, 'auc_cpu': 0.5322265625, 'auc_gpu': 0.5322265625, 'max_abs_p_diff': 0.0, 'label_mismatches': 0, 'secs_cpu': 5.301273584365845, 'secs_gpu': 1.4667158126831055, 'auc_diff': 0.0}
{'family': 'M0.6', 'seed': 90161, 'r': 4, 'lam_cpu': 100.0, 'lam_gpu': 100.0, 'lam_match': True, 'auc_cpu': 0.5322265625, 'auc_gpu': 0.5322265625, 'max_abs_p_diff': 0.0, 'label_mismatches': 0, 'secs_cpu': 6.400273323059082, 'secs_gpu': 1.4333693981170654, 'auc_diff': 0.0}
{'family': 'M0.6', 'seed': 90162, 'r': 1, 'lam_cpu': 3.0, 'lam_gpu': 3.0, 'lam_match': True, 'auc_cpu': 0.7568359375, 'auc_gpu': 0.7568359375, 'max_abs_p_diff': 1.1102230246251565e-16, 'label_mismatches': 0, 'secs_cpu': 2.233445644378662, 'secs_gpu': 1.3167839050292969, 'auc_diff': 0.0}
{'family': 'M0.6', 'seed': 90162, 'r': 2, 'lam_cpu': 3.0, 'lam_gpu': 3.0, 'lam_match': True, 'auc_cpu': 0.587890625, 'auc_gpu': 0.587890625, 'max_abs_p_diff': 1.1102230246251565e-16, 'label_mismatches': 0, 'secs_cpu': 4.433505535125732, 'secs_gpu': 1.3833458423614502, 'auc_diff': 0.0}
{'family': 'M0.6', 'seed': 90162, 'r': 3, 'lam_cpu': 3.0, 'lam_gpu': 3.0, 'lam_match': True, 'auc_cpu': 0.6015625, 'auc_gpu': 0.6015625, 'max_abs_p_diff': 1.6653345369377348e-16, 'label_mismatches': 0, 'secs_cpu': 5.167494773864746, 'secs_gpu': 1.4710941314697266, 'auc_diff': 0.0}
{'family': 'M0.6', 'seed': 90162, 'r': 4, 'lam_cpu': 3.0, 'lam_gpu': 3.0, 'lam_match': True, 'auc_cpu': 0.6015625, 'auc_gpu': 0.6015625, 'max_abs_p_diff': 1.1102230246251565e-16, 'label_mismatches': 0, 'secs_cpu': 6.111964464187622, 'secs_gpu': 1.5667109489440918, 'auc_diff': 0.0}
{'family': 'M0.6', 'seed': 90163, 'r': 1, 'lam_cpu': 3.0, 'lam_gpu': 3.0, 'lam_match': True, 'auc_cpu': 0.6787109375, 'auc_gpu': 0.6787109375, 'max_abs_p_diff': 1.1102230246251565e-16, 'label_mismatches': 0, 'secs_cpu': 2.3501508235931396, 'secs_gpu': 1.3500421047210693, 'auc_diff': 0.0}
{'family': 'M0.6', 'seed': 90163, 'r': 2, 'lam_cpu': 100.0, 'lam_gpu': 100.0, 'lam_match': True, 'auc_cpu': 0.5146484375, 'auc_gpu': 0.5146484375, 'max_abs_p_diff': 0.0, 'label_mismatches': 0, 'secs_cpu': 4.071186304092407, 'secs_gpu': 1.4123687744140625, 'auc_diff': 0.0}
{'family': 'M0.6', 'seed': 90163, 'r': 3, 'lam_cpu': 100.0, 'lam_gpu': 100.0, 'lam_match': True, 'auc_cpu': 0.5146484375, 'auc_gpu': 0.5146484375, 'max_abs_p_diff': 0.0, 'label_mismatches': 0, 'secs_cpu': 5.74562406539917, 'secs_gpu': 1.6523513793945312, 'auc_diff': 0.0}
{'family': 'M0.6', 'seed': 90163, 'r': 4, 'lam_cpu': 100.0, 'lam_gpu': 100.0, 'lam_match': True, 'auc_cpu': 0.5146484375, 'auc_gpu': 0.5146484375, 'max_abs_p_diff': 0.0, 'label_mismatches': 0, 'secs_cpu': 6.663024425506592, 'secs_gpu': 1.3898918628692627, 'auc_diff': 0.0}
{'family': 'M0.6', 'seed': 90164, 'r': 1, 'lam_cpu': 3.0, 'lam_gpu': 3.0, 'lam_match': True, 'auc_cpu': 0.6259765625, 'auc_gpu': 0.6259765625, 'max_abs_p_diff': 1.1102230246251565e-16, 'label_mismatches': 0, 'secs_cpu': 2.399918794631958, 'secs_gpu': 1.4333055019378662, 'auc_diff': 0.0}
{'family': 'M0.6', 'seed': 90164, 'r': 2, 'lam_cpu': 100.0, 'lam_gpu': 100.0, 'lam_match': True, 'auc_cpu': 0.5224609375, 'auc_gpu': 0.5224609375, 'max_abs_p_diff': 0.0, 'label_mismatches': 0, 'secs_cpu': 4.10029935836792, 'secs_gpu': 1.3646833896636963, 'auc_diff': 0.0}
{'family': 'M0.6', 'seed': 90164, 'r': 3, 'lam_cpu': 100.0, 'lam_gpu': 100.0, 'lam_match': True, 'auc_cpu': 0.5224609375, 'auc_gpu': 0.5224609375, 'max_abs_p_diff': 0.0, 'label_mismatches': 0, 'secs_cpu': 5.229221820831299, 'secs_gpu': 1.439687967300415, 'auc_diff': 0.0}
{'family': 'M0.6', 'seed': 90164, 'r': 4, 'lam_cpu': 100.0, 'lam_gpu': 100.0, 'lam_match': True, 'auc_cpu': 0.5224609375, 'auc_gpu': 0.5224609375, 'max_abs_p_diff': 0.0, 'label_mismatches': 0, 'secs_cpu': 6.184661388397217, 'secs_gpu': 1.3878576755523682, 'auc_diff': 0.0}
{'family': 'M0.75', 'seed': 90170, 'r': 1, 'lam_cpu': 3.0, 'lam_gpu': 3.0, 'lam_match': True, 'auc_cpu': 0.869140625, 'auc_gpu': 0.869140625, 'max_abs_p_diff': 8.99787144792441e-09, 'label_mismatches': 0, 'secs_cpu': 2.147407054901123, 'secs_gpu': 1.262350082397461, 'auc_diff': 0.0}
{'family': 'M0.75', 'seed': 90170, 'r': 2, 'lam_cpu': 3.0, 'lam_gpu': 3.0, 'lam_match': True, 'auc_cpu': 0.8671875, 'auc_gpu': 0.8671875, 'max_abs_p_diff': 2.220446049250313e-16, 'label_mismatches': 0, 'secs_cpu': 4.5335304737091064, 'secs_gpu': 1.4833271503448486, 'auc_diff': 0.0}
{'family': 'M0.75', 'seed': 90170, 'r': 3, 'lam_cpu': 3.0, 'lam_gpu': 3.0, 'lam_match': True, 'auc_cpu': 0.8330078125, 'auc_gpu': 0.8330078125, 'max_abs_p_diff': 1.1102230246251565e-16, 'label_mismatches': 0, 'secs_cpu': 5.4960596561431885, 'secs_gpu': 1.4376204013824463, 'auc_diff': 0.0}
{'family': 'M0.75', 'seed': 90170, 'r': 4, 'lam_cpu': 3.0, 'lam_gpu': 3.0, 'lam_match': True, 'auc_cpu': 0.810546875, 'auc_gpu': 0.810546875, 'max_abs_p_diff': 2.220446049250313e-16, 'label_mismatches': 0, 'secs_cpu': 6.471207857131958, 'secs_gpu': 1.4624309539794922, 'auc_diff': 0.0}
{'family': 'M0.75', 'seed': 90171, 'r': 1, 'lam_cpu': 3.0, 'lam_gpu': 3.0, 'lam_match': True, 'auc_cpu': 0.8759765625, 'auc_gpu': 0.8759765625, 'max_abs_p_diff': 1.1102230246251565e-16, 'label_mismatches': 0, 'secs_cpu': 2.1846272945404053, 'secs_gpu': 1.3020579814910889, 'auc_diff': 0.0}
{'family': 'M0.75', 'seed': 90171, 'r': 2, 'lam_cpu': 3.0, 'lam_gpu': 3.0, 'lam_match': True, 'auc_cpu': 0.876953125, 'auc_gpu': 0.876953125, 'max_abs_p_diff': 1.6653345369377348e-16, 'label_mismatches': 0, 'secs_cpu': 4.263698101043701, 'secs_gpu': 1.500032663345337, 'auc_diff': 0.0}
{'family': 'M0.75', 'seed': 90171, 'r': 3, 'lam_cpu': 3.0, 'lam_gpu': 3.0, 'lam_match': True, 'auc_cpu': 0.8759765625, 'auc_gpu': 0.8759765625, 'max_abs_p_diff': 1.1102230246251565e-16, 'label_mismatches': 0, 'secs_cpu': 5.385206699371338, 'secs_gpu': 1.431746482849121, 'auc_diff': 0.0}
{'family': 'M0.75', 'seed': 90171, 'r': 4, 'lam_cpu': 3.0, 'lam_gpu': 3.0, 'lam_match': True, 'auc_cpu': 0.845703125, 'auc_gpu': 0.845703125, 'max_abs_p_diff': 1.6653345369377348e-16, 'label_mismatches': 0, 'secs_cpu': 6.36697793006897, 'secs_gpu': 1.466717004776001, 'auc_diff': 0.0}
{'family': 'M0.75', 'seed': 90172, 'r': 1, 'lam_cpu': 3.0, 'lam_gpu': 3.0, 'lam_match': True, 'auc_cpu': 0.7861328125, 'auc_gpu': 0.7861328125, 'max_abs_p_diff': 1.1102230246251565e-16, 'label_mismatches': 0, 'secs_cpu': 2.144798517227173, 'secs_gpu': 1.2444067001342773, 'auc_diff': 0.0}
{'family': 'M0.75', 'seed': 90172, 'r': 2, 'lam_cpu': 3.0, 'lam_gpu': 3.0, 'lam_match': True, 'auc_cpu': 0.6884765625, 'auc_gpu': 0.6884765625, 'max_abs_p_diff': 1.1102230246251565e-16, 'label_mismatches': 0, 'secs_cpu': 4.311577558517456, 'secs_gpu': 1.4662320613861084, 'auc_diff': 0.0}
{'family': 'M0.75', 'seed': 90172, 'r': 3, 'lam_cpu': 3.0, 'lam_gpu': 3.0, 'lam_match': True, 'auc_cpu': 0.6982421875, 'auc_gpu': 0.6982421875, 'max_abs_p_diff': 1.6653345369377348e-16, 'label_mismatches': 0, 'secs_cpu': 5.2669360637664795, 'secs_gpu': 1.450026035308838, 'auc_diff': 0.0}
{'family': 'M0.75', 'seed': 90172, 'r': 4, 'lam_cpu': 3.0, 'lam_gpu': 3.0, 'lam_match': True, 'auc_cpu': 0.673828125, 'auc_gpu': 0.673828125, 'max_abs_p_diff': 1.1102230246251565e-16, 'label_mismatches': 0, 'secs_cpu': 6.550384759902954, 'secs_gpu': 1.516627550125122, 'auc_diff': 0.0}
{'family': 'M0.75', 'seed': 90173, 'r': 1, 'lam_cpu': 3.0, 'lam_gpu': 3.0, 'lam_match': True, 'auc_cpu': 0.7255859375, 'auc_gpu': 0.7255859375, 'max_abs_p_diff': 1.1102230246251565e-16, 'label_mismatches': 0, 'secs_cpu': 2.216827630996704, 'secs_gpu': 1.2833271026611328, 'auc_diff': 0.0}
{'family': 'M0.75', 'seed': 90173, 'r': 2, 'lam_cpu': 3.0, 'lam_gpu': 3.0, 'lam_match': True, 'auc_cpu': 0.765625, 'auc_gpu': 0.765625, 'max_abs_p_diff': 1.1102230246251565e-16, 'label_mismatches': 0, 'secs_cpu': 4.450204610824585, 'secs_gpu': 1.493520975112915, 'auc_diff': 0.0}
{'family': 'M0.75', 'seed': 90173, 'r': 3, 'lam_cpu': 3.0, 'lam_gpu': 3.0, 'lam_match': True, 'auc_cpu': 0.7705078125, 'auc_gpu': 0.7705078125, 'max_abs_p_diff': 1.1102230246251565e-16, 'label_mismatches': 0, 'secs_cpu': 5.851455926895142, 'secs_gpu': 1.4387502670288086, 'auc_diff': 0.0}
{'family': 'M0.75', 'seed': 90173, 'r': 4, 'lam_cpu': 3.0, 'lam_gpu': 3.0, 'lam_match': True, 'auc_cpu': 0.7841796875, 'auc_gpu': 0.7841796875, 'max_abs_p_diff': 1.1102230246251565e-16, 'label_mismatches': 0, 'secs_cpu': 6.318694829940796, 'secs_gpu': 1.576500654220581, 'auc_diff': 0.0}
{'family': 'M0.75', 'seed': 90174, 'r': 1, 'lam_cpu': 3.0, 'lam_gpu': 3.0, 'lam_match': True, 'auc_cpu': 0.736328125, 'auc_gpu': 0.736328125, 'max_abs_p_diff': 2.220446049250313e-16, 'label_mismatches': 0, 'secs_cpu': 3.045377254486084, 'secs_gpu': 1.5593318939208984, 'auc_diff': 0.0}
{'family': 'M0.75', 'seed': 90174, 'r': 2, 'lam_cpu': 3.0, 'lam_gpu': 3.0, 'lam_match': True, 'auc_cpu': 0.7392578125, 'auc_gpu': 0.7392578125, 'max_abs_p_diff': 1.6653345369377348e-16, 'label_mismatches': 0, 'secs_cpu': 4.398180246353149, 'secs_gpu': 1.4833707809448242, 'auc_diff': 0.0}
{'family': 'M0.75', 'seed': 90174, 'r': 3, 'lam_cpu': 3.0, 'lam_gpu': 3.0, 'lam_match': True, 'auc_cpu': 0.6884765625, 'auc_gpu': 0.6884765625, 'max_abs_p_diff': 2.220446049250313e-16, 'label_mismatches': 0, 'secs_cpu': 5.567513704299927, 'secs_gpu': 1.5328006744384766, 'auc_diff': 0.0}
{'family': 'M0.75', 'seed': 90174, 'r': 4, 'lam_cpu': 3.0, 'lam_gpu': 3.0, 'lam_match': True, 'auc_cpu': 0.693359375, 'auc_gpu': 0.693359375, 'max_abs_p_diff': 1.1102230246251565e-16, 'label_mismatches': 0, 'secs_cpu': 6.200240850448608, 'secs_gpu': 1.5167288780212402, 'auc_diff': 0.0}
{'family': 'M0.85', 'seed': 90180, 'r': 1, 'lam_cpu': 1.0, 'lam_gpu': 1.0, 'lam_match': True, 'auc_cpu': 0.951171875, 'auc_gpu': 0.951171875, 'max_abs_p_diff': 1.7821797371198045e-09, 'label_mismatches': 0, 'secs_cpu': 2.100113868713379, 'secs_gpu': 1.2333357334136963, 'auc_diff': 0.0}
{'family': 'M0.85', 'seed': 90180, 'r': 2, 'lam_cpu': 3.0, 'lam_gpu': 3.0, 'lam_match': True, 'auc_cpu': 0.86328125, 'auc_gpu': 0.86328125, 'max_abs_p_diff': 1.1102230246251565e-16, 'label_mismatches': 0, 'secs_cpu': 4.666929721832275, 'secs_gpu': 1.5104365348815918, 'auc_diff': 0.0}
{'family': 'M0.85', 'seed': 90180, 'r': 3, 'lam_cpu': 3.0, 'lam_gpu': 3.0, 'lam_match': True, 'auc_cpu': 0.84765625, 'auc_gpu': 0.84765625, 'max_abs_p_diff': 1.1102230246251565e-16, 'label_mismatches': 0, 'secs_cpu': 5.597883701324463, 'secs_gpu': 1.5087230205535889, 'auc_diff': 0.0}
{'family': 'M0.85', 'seed': 90180, 'r': 4, 'lam_cpu': 3.0, 'lam_gpu': 3.0, 'lam_match': True, 'auc_cpu': 0.8544921875, 'auc_gpu': 0.8544921875, 'max_abs_p_diff': 1.6653345369377348e-16, 'label_mismatches': 0, 'secs_cpu': 6.726883172988892, 'secs_gpu': 1.4734501838684082, 'auc_diff': 0.0}
{'family': 'M0.85', 'seed': 90181, 'r': 1, 'lam_cpu': 3.0, 'lam_gpu': 3.0, 'lam_match': True, 'auc_cpu': 0.7861328125, 'auc_gpu': 0.7861328125, 'max_abs_p_diff': 1.1102230246251565e-16, 'label_mismatches': 0, 'secs_cpu': 2.166710376739502, 'secs_gpu': 1.2000420093536377, 'auc_diff': 0.0}
{'family': 'M0.85', 'seed': 90181, 'r': 2, 'lam_cpu': 3.0, 'lam_gpu': 3.0, 'lam_match': True, 'auc_cpu': 0.7392578125, 'auc_gpu': 0.7392578125, 'max_abs_p_diff': 1.1102230246251565e-16, 'label_mismatches': 0, 'secs_cpu': 4.666910171508789, 'secs_gpu': 1.5500025749206543, 'auc_diff': 0.0}
{'family': 'M0.85', 'seed': 90181, 'r': 3, 'lam_cpu': 3.0, 'lam_gpu': 3.0, 'lam_match': True, 'auc_cpu': 0.72265625, 'auc_gpu': 0.72265625, 'max_abs_p_diff': 1.1102230246251565e-16, 'label_mismatches': 0, 'secs_cpu': 5.5122668743133545, 'secs_gpu': 1.4547317028045654, 'auc_diff': 0.0}
{'family': 'M0.85', 'seed': 90181, 'r': 4, 'lam_cpu': 3.0, 'lam_gpu': 3.0, 'lam_match': True, 'auc_cpu': 0.6923828125, 'auc_gpu': 0.6923828125, 'max_abs_p_diff': 1.1102230246251565e-16, 'label_mismatches': 0, 'secs_cpu': 6.500352621078491, 'secs_gpu': 1.5725572109222412, 'auc_diff': 0.0}
{'family': 'M0.85', 'seed': 90182, 'r': 1, 'lam_cpu': 3.0, 'lam_gpu': 3.0, 'lam_match': True, 'auc_cpu': 0.84375, 'auc_gpu': 0.84375, 'max_abs_p_diff': 3.805938403322884e-08, 'label_mismatches': 0, 'secs_cpu': 2.002671003341675, 'secs_gpu': 1.2180445194244385, 'auc_diff': 0.0}
{'family': 'M0.85', 'seed': 90182, 'r': 2, 'lam_cpu': 3.0, 'lam_gpu': 3.0, 'lam_match': True, 'auc_cpu': 0.8154296875, 'auc_gpu': 0.8154296875, 'max_abs_p_diff': 1.6653345369377348e-16, 'label_mismatches': 0, 'secs_cpu': 5.120333194732666, 'secs_gpu': 1.7282278537750244, 'auc_diff': 0.0}
{'family': 'M0.85', 'seed': 90182, 'r': 3, 'lam_cpu': 3.0, 'lam_gpu': 3.0, 'lam_match': True, 'auc_cpu': 0.791015625, 'auc_gpu': 0.791015625, 'max_abs_p_diff': 2.220446049250313e-16, 'label_mismatches': 0, 'secs_cpu': 5.483205795288086, 'secs_gpu': 1.5084073543548584, 'auc_diff': 0.0}
{'family': 'M0.85', 'seed': 90182, 'r': 4, 'lam_cpu': 3.0, 'lam_gpu': 3.0, 'lam_match': True, 'auc_cpu': 0.748046875, 'auc_gpu': 0.748046875, 'max_abs_p_diff': 2.220446049250313e-16, 'label_mismatches': 0, 'secs_cpu': 6.8333580493927, 'secs_gpu': 1.4833097457885742, 'auc_diff': 0.0}
{'family': 'M0.85', 'seed': 90183, 'r': 1, 'lam_cpu': 3.0, 'lam_gpu': 3.0, 'lam_match': True, 'auc_cpu': 0.8330078125, 'auc_gpu': 0.8330078125, 'max_abs_p_diff': 2.220446049250313e-16, 'label_mismatches': 0, 'secs_cpu': 2.1491856575012207, 'secs_gpu': 1.2800037860870361, 'auc_diff': 0.0}
{'family': 'M0.85', 'seed': 90183, 'r': 2, 'lam_cpu': 3.0, 'lam_gpu': 3.0, 'lam_match': True, 'auc_cpu': 0.82421875, 'auc_gpu': 0.82421875, 'max_abs_p_diff': 2.220446049250313e-16, 'label_mismatches': 0, 'secs_cpu': 5.971757650375366, 'secs_gpu': 1.4661924839019775, 'auc_diff': 0.0}
{'family': 'M0.85', 'seed': 90183, 'r': 3, 'lam_cpu': 3.0, 'lam_gpu': 3.0, 'lam_match': True, 'auc_cpu': 0.8115234375, 'auc_gpu': 0.8115234375, 'max_abs_p_diff': 1.1102230246251565e-16, 'label_mismatches': 0, 'secs_cpu': 5.238365173339844, 'secs_gpu': 1.4785706996917725, 'auc_diff': 0.0}
{'family': 'M0.85', 'seed': 90183, 'r': 4, 'lam_cpu': 3.0, 'lam_gpu': 3.0, 'lam_match': True, 'auc_cpu': 0.806640625, 'auc_gpu': 0.806640625, 'max_abs_p_diff': 1.1102230246251565e-16, 'label_mismatches': 0, 'secs_cpu': 6.770740270614624, 'secs_gpu': 1.529599666595459, 'auc_diff': 0.0}
{'family': 'M0.85', 'seed': 90184, 'r': 1, 'lam_cpu': 3.0, 'lam_gpu': 3.0, 'lam_match': True, 'auc_cpu': 0.8056640625, 'auc_gpu': 0.8056640625, 'max_abs_p_diff': 1.1102230246251565e-16, 'label_mismatches': 0, 'secs_cpu': 2.1501286029815674, 'secs_gpu': 1.1838483810424805, 'auc_diff': 0.0}
{'family': 'M0.85', 'seed': 90184, 'r': 2, 'lam_cpu': 3.0, 'lam_gpu': 3.0, 'lam_match': True, 'auc_cpu': 0.814453125, 'auc_gpu': 0.814453125, 'max_abs_p_diff': 1.1102230246251565e-16, 'label_mismatches': 0, 'secs_cpu': 4.616393327713013, 'secs_gpu': 1.5500266551971436, 'auc_diff': 0.0}
{'family': 'M0.85', 'seed': 90184, 'r': 3, 'lam_cpu': 3.0, 'lam_gpu': 3.0, 'lam_match': True, 'auc_cpu': 0.78125, 'auc_gpu': 0.78125, 'max_abs_p_diff': 1.6653345369377348e-16, 'label_mismatches': 0, 'secs_cpu': 5.6369311809539795, 'secs_gpu': 1.4669160842895508, 'auc_diff': 0.0}
{'family': 'M0.85', 'seed': 90184, 'r': 4, 'lam_cpu': 3.0, 'lam_gpu': 3.0, 'lam_match': True, 'auc_cpu': 0.7822265625, 'auc_gpu': 0.7822265625, 'max_abs_p_diff': 1.1102230246251565e-16, 'label_mismatches': 0, 'secs_cpu': 6.667781829833984, 'secs_gpu': 1.4666650295257568, 'auc_diff': 0.0}

==== SUMMARY (GPU vs CURRENT CPU harness.fit_bf, same worlds) ====
fits compared: 180
lambda mismatches: 0
max |AUC diff|: 0
max |p diff|: 3.81e-08
total label mismatches (of 11520): 0
CPU total: 786.8s   GPU total: 351.5s   speedup: 2.2x
