R:0: 99 banks; prep 7.9s; GPU BF_1 9.1s, BF_2 16.5s, BF_3 17.1s, BF_4 17.2s; fits 396, lam mismatches 0, max|dp| 0.00e+00, bit-equal 396
R:1: 99 banks; prep 7.0s; GPU BF_1 9.0s, BF_2 16.5s, BF_3 17.5s, BF_4 17.6s; fits 396, lam mismatches 0, max|dp| 0.00e+00, bit-equal 396
R:2: 99 banks; prep 8.0s; GPU BF_1 8.7s, BF_2 16.5s, BF_3 17.0s, BF_4 17.6s; fits 396, lam mismatches 0, max|dp| 0.00e+00, bit-equal 396
R:3: 99 banks; prep 5.5s; GPU BF_1 8.7s, BF_2 16.1s, BF_3 16.6s, BF_4 17.0s; fits 396, lam mismatches 0, max|dp| 0.00e+00, bit-equal 396
R:4: 99 banks; prep 5.8s; GPU BF_1 8.5s, BF_2 16.2s, BF_3 16.6s, BF_4 17.0s; fits 396, lam mismatches 0, max|dp| 0.00e+00, bit-equal 396
Nf:0: 99 banks; prep 4.6s; GPU BF_1 8.5s, BF_2 15.8s, BF_3 16.2s, BF_4 16.6s; fits 396, lam mismatches 0, max|dp| 0.00e+00, bit-equal 396
Nf:1: 99 banks; prep 4.5s; GPU BF_1 8.5s, BF_2 15.8s, BF_3 16.1s, BF_4 16.5s; fits 396, lam mismatches 0, max|dp| 0.00e+00, bit-equal 396
Nf:2: 99 banks; prep 4.4s; GPU BF_1 8.5s, BF_2 16.5s, BF_3 16.8s, BF_4 17.2s; fits 396, lam mismatches 0, max|dp| 0.00e+00, bit-equal 396
Nf:3: 99 banks; prep 6.4s; GPU BF_1 8.9s, BF_2 16.6s, BF_3 16.4s, BF_4 16.9s; fits 396, lam mismatches 0, max|dp| 0.00e+00, bit-equal 396
Nf:4: 99 banks; prep 6.3s; GPU BF_1 8.7s, BF_2 16.3s, BF_3 16.7s, BF_4 17.1s; fits 396, lam mismatches 0, max|dp| 0.00e+00, bit-equal 396
No:0: 99 banks; prep 8.3s; GPU BF_1 8.9s, BF_2 16.6s, BF_3 17.0s, BF_4 17.4s; fits 396, lam mismatches 0, max|dp| 0.00e+00, bit-equal 396
No:1: 99 banks; prep 8.5s; GPU BF_1 8.9s, BF_2 16.7s, BF_3 17.0s, BF_4 18.1s; fits 396, lam mismatches 0, max|dp| 0.00e+00, bit-equal 396
No:2: 99 banks; prep 8.0s; GPU BF_1 8.9s, BF_2 16.7s, BF_3 16.7s, BF_4 17.2s; fits 396, lam mismatches 0, max|dp| 0.00e+00, bit-equal 396
No:3: 99 banks; prep 8.2s; GPU BF_1 8.8s, BF_2 16.3s, BF_3 16.7s, BF_4 17.2s; fits 396, lam mismatches 0, max|dp| 0.00e+00, bit-equal 396
No:4: 99 banks; prep 6.8s; GPU BF_1 8.7s, BF_2 16.4s, BF_3 16.9s, BF_4 17.1s; fits 396, lam mismatches 0, max|dp| 0.00e+00, bit-equal 396
W:0: 99 banks; prep 6.0s; GPU BF_1 8.6s, BF_2 16.3s, BF_3 16.9s, BF_4 17.3s; fits 396, lam mismatches 0, max|dp| 0.00e+00, bit-equal 396
W:1: 99 banks; prep 8.8s; GPU BF_1 8.7s, BF_2 16.7s, BF_3 17.3s, BF_4 17.4s; fits 396, lam mismatches 0, max|dp| 0.00e+00, bit-equal 396
W:2: 99 banks; prep 6.3s; GPU BF_1 8.8s, BF_2 16.4s, BF_3 16.8s, BF_4 17.3s; fits 396, lam mismatches 0, max|dp| 0.00e+00, bit-equal 396
W:3: 99 banks; prep 8.6s; GPU BF_1 8.9s, BF_2 16.6s, BF_3 16.9s, BF_4 17.3s; fits 396, lam mismatches 0, max|dp| 0.00e+00, bit-equal 396
W:4: 99 banks; prep 6.2s; GPU BF_1 8.9s, BF_2 16.3s, BF_3 16.8s, BF_4 17.3s; fits 396, lam mismatches 0, max|dp| 0.00e+00, bit-equal 396
M0.5:0: 99 banks; prep 4.9s; GPU BF_1 8.5s, BF_2 15.9s, BF_3 16.4s, BF_4 16.7s; fits 396, lam mismatches 0, max|dp| 0.00e+00, bit-equal 396
M0.5:1: 99 banks; prep 4.6s; GPU BF_1 8.5s, BF_2 15.9s, BF_3 16.3s, BF_4 16.6s; fits 396, lam mismatches 0, max|dp| 0.00e+00, bit-equal 396
M0.5:2: 99 banks; prep 4.5s; GPU BF_1 8.5s, BF_2 15.9s, BF_3 16.3s, BF_4 16.7s; fits 396, lam mismatches 0, max|dp| 0.00e+00, bit-equal 396
M0.5:3: 99 banks; prep 4.9s; GPU BF_1 8.5s, BF_2 15.9s, BF_3 16.2s, BF_4 16.6s; fits 396, lam mismatches 0, max|dp| 0.00e+00, bit-equal 396
M0.5:4: 99 banks; prep 4.7s; GPU BF_1 8.6s, BF_2 15.9s, BF_3 16.2s, BF_4 16.7s; fits 396, lam mismatches 0, max|dp| 0.00e+00, bit-equal 396
M1.0:0: 99 banks; prep 4.9s; GPU BF_1 8.5s, BF_2 16.0s, BF_3 16.4s, BF_4 16.8s; fits 396, lam mismatches 0, max|dp| 0.00e+00, bit-equal 396
M1.0:1: 99 banks; prep 4.9s; GPU BF_1 8.6s, BF_2 16.1s, BF_3 16.5s, BF_4 17.0s; fits 396, lam mismatches 0, max|dp| 0.00e+00, bit-equal 396
M1.0:2: 99 banks; prep 4.9s; GPU BF_1 8.6s, BF_2 16.0s, BF_3 16.4s, BF_4 16.8s; fits 396, lam mismatches 0, max|dp| 0.00e+00, bit-equal 396
M1.0:3: 99 banks; prep 4.8s; GPU BF_1 8.6s, BF_2 16.0s, BF_3 16.4s, BF_4 16.8s; fits 396, lam mismatches 0, max|dp| 0.00e+00, bit-equal 396
M1.0:4: 99 banks; prep 4.8s; GPU BF_1 8.6s, BF_2 16.0s, BF_3 16.3s, BF_4 16.8s; fits 396, lam mismatches 0, max|dp| 0.00e+00, bit-equal 396
M0.6:0: 99 banks; prep 4.5s; GPU BF_1 8.5s, BF_2 15.9s, BF_3 16.2s, BF_4 16.6s; fits 396, lam mismatches 0, max|dp| 0.00e+00, bit-equal 396
M0.6:1: 99 banks; prep 4.7s; GPU BF_1 8.5s, BF_2 15.9s, BF_3 16.3s, BF_4 16.6s; fits 396, lam mismatches 0, max|dp| 0.00e+00, bit-equal 396
M0.6:2: 99 banks; prep 4.5s; GPU BF_1 8.5s, BF_2 15.8s, BF_3 16.2s, BF_4 16.6s; fits 396, lam mismatches 0, max|dp| 0.00e+00, bit-equal 396
M0.6:3: 99 banks; prep 4.8s; GPU BF_1 8.5s, BF_2 16.0s, BF_3 16.3s, BF_4 16.6s; fits 396, lam mismatches 0, max|dp| 0.00e+00, bit-equal 396
M0.6:4: 99 banks; prep 4.4s; GPU BF_1 8.6s, BF_2 15.9s, BF_3 16.2s, BF_4 16.6s; fits 396, lam mismatches 0, max|dp| 0.00e+00, bit-equal 396
M0.75:0: 99 banks; prep 4.8s; GPU BF_1 8.5s, BF_2 15.9s, BF_3 16.3s, BF_4 16.7s; fits 396, lam mismatches 0, max|dp| 0.00e+00, bit-equal 396
M0.75:1: 99 banks; prep 4.8s; GPU BF_1 8.5s, BF_2 16.0s, BF_3 16.3s, BF_4 16.7s; fits 396, lam mismatches 0, max|dp| 0.00e+00, bit-equal 396
M0.75:2: 99 banks; prep 4.7s; GPU BF_1 8.5s, BF_2 16.0s, BF_3 16.4s, BF_4 16.7s; fits 396, lam mismatches 0, max|dp| 0.00e+00, bit-equal 396
M0.75:3: 99 banks; prep 4.9s; GPU BF_1 8.5s, BF_2 15.9s, BF_3 16.3s, BF_4 16.7s; fits 396, lam mismatches 0, max|dp| 0.00e+00, bit-equal 396
M0.75:4: 99 banks; prep 4.7s; GPU BF_1 8.5s, BF_2 15.9s, BF_3 16.2s, BF_4 16.7s; fits 396, lam mismatches 0, max|dp| 0.00e+00, bit-equal 396
M0.85:0: 99 banks; prep 4.7s; GPU BF_1 8.5s, BF_2 16.0s, BF_3 16.3s, BF_4 16.7s; fits 396, lam mismatches 0, max|dp| 0.00e+00, bit-equal 396
M0.85:1: 99 banks; prep 4.7s; GPU BF_1 8.5s, BF_2 16.0s, BF_3 16.4s, BF_4 16.7s; fits 396, lam mismatches 0, max|dp| 0.00e+00, bit-equal 396
M0.85:2: 99 banks; prep 4.7s; GPU BF_1 8.5s, BF_2 16.0s, BF_3 16.3s, BF_4 16.7s; fits 396, lam mismatches 0, max|dp| 0.00e+00, bit-equal 396
M0.85:3: 99 banks; prep 4.7s; GPU BF_1 8.5s, BF_2 15.9s, BF_3 16.3s, BF_4 16.7s; fits 396, lam mismatches 0, max|dp| 0.00e+00, bit-equal 396
M0.85:4: 99 banks; prep 4.7s; GPU BF_1 8.5s, BF_2 16.0s, BF_3 16.3s, BF_4 16.7s; fits 396, lam mismatches 0, max|dp| 0.00e+00, bit-equal 396
{
 "fits": 17820,
 "y_mismatch_banks": 0,
 "lam_mismatches": 0,
 "p_bit_equal": 17820,
 "max_abs_p_diff": 0.0,
 "max_auc_diff": 0.0,
 "auc_none_both": 0,
 "label_mismatches": 0,
 "labels_total": 1140480,
 "prep_secs": 254.38132739067078,
 "gpu_secs": 2619.881595134735,
 "wall_secs_total": 2878.8926196098328,
 "workers": 8,
 "row_chunk": 25000,
 "worlds_per_batch": 1,
 "cpu_ref_fit_secs_sum": 157164.018805027,
 "gpu_name": "NVIDIA RTX PRO 4500 Blackwell",
 "by_rank": {
  "1": {
   "fits": 4455,
   "lam_mismatches": 0,
   "p_bit_equal": 4455,
   "max_abs_p_diff": 0.0,
   "max_auc_diff": 0.0,
   "label_mismatches": 0
  },
  "2": {
   "fits": 4455,
   "lam_mismatches": 0,
   "p_bit_equal": 4455,
   "max_abs_p_diff": 0.0,
   "max_auc_diff": 0.0,
   "label_mismatches": 0
  },
  "3": {
   "fits": 4455,
   "lam_mismatches": 0,
   "p_bit_equal": 4455,
   "max_abs_p_diff": 0.0,
   "max_auc_diff": 0.0,
   "label_mismatches": 0
  },
  "4": {
   "fits": 4455,
   "lam_mismatches": 0,
   "p_bit_equal": 4455,
   "max_abs_p_diff": 0.0,
   "max_auc_diff": 0.0,
   "label_mismatches": 0
  }
 }
}
worst: world:R:0|sh:0||ko||BF:1 100.0 100.0 0.000e+00 0 0.0
worst: world:R:0|sh:1||ko||BF:1 100.0 100.0 0.000e+00 0 0.0
worst: world:R:0|sh:2||ko||BF:1 100.0 100.0 0.000e+00 0 0.0
worst: world:R:0|sh:3||ko||BF:1 100.0 100.0 0.000e+00 0 0.0
worst: world:R:0|sh:4||ko||BF:1 100.0 100.0 0.000e+00 0 0.0
worst: world:R:0|sh:5||ko||BF:1 100.0 100.0 0.000e+00 0 0.0
worst: world:R:0|sh:6||ko||BF:1 100.0 100.0 0.000e+00 0 0.0
worst: world:R:0|sh:7||ko||BF:1 100.0 100.0 0.000e+00 0 0.0
worst: world:R:0|sh:8||ko||BF:1 100.0 100.0 0.000e+00 0 0.0
worst: world:R:0|sh:9||ko||BF:1 100.0 100.0 0.000e+00 0 0.0
