
### 5x8, 4 per row: 571 boards, npairs=400; stage1 K=100 120s; refine 10 lowest x5 seeds K=500 53s
distribution of best-found (stage1 K=100): {'min': 0.9375, 'p5': 0.9425, 'median': 0.985, 'max': 1.0}
distribution after refinement of lowest: {'min': 0.94, 'p5': 0.9425, 'median': 0.985, 'max': 1.0}
lowest boards (refined best count, per-seed counts, spread):
  board#363 stage1=375.0 refined best=379.0/400 = 0.9475; seeds=[377.0, 377.0, 379.0, 379.0, 379.0] spread=2.0; rows=[[1, 2, 4, 7], [4, 5, 6, 7], [0, 2, 5, 7], [1, 3, 5, 7], [2, 3, 4, 5]]
  board#332 stage1=375.0 refined best=379.0/400 = 0.9475; seeds=[379.0, 379.0, 376.0, 379.0, 378.0] spread=3.0; rows=[[0, 3, 4, 7], [0, 1, 6, 7], [0, 3, 5, 6], [0, 2, 4, 6], [1, 3, 4, 6]]
  board#339 stage1=375.0 refined best=379.0/400 = 0.9475; seeds=[379.0, 379.0, 379.0, 379.0, 377.0] spread=2.0; rows=[[0, 1, 4, 5], [4, 5, 6, 7], [0, 2, 5, 7], [0, 3, 4, 7], [2, 3, 4, 5]]
  board#381 stage1=375.0 refined best=379.0/400 = 0.9475; seeds=[379.0, 379.0, 378.0, 379.0, 377.0] spread=2.0; rows=[[1, 2, 5, 6], [0, 1, 6, 7], [0, 2, 5, 7], [1, 3, 5, 7], [0, 1, 4, 5]]
  board#359 stage1=375.0 refined best=378.0/400 = 0.9450; seeds=[378.0, 378.0, 378.0, 378.0, 378.0] spread=0.0; rows=[[1, 2, 5, 6], [2, 3, 6, 7], [1, 2, 4, 7], [0, 2, 4, 6], [0, 2, 5, 7]]
boards among lowest with rerun spread >2/400-equivalent (2 counts on 400 scale = 2.0 counts here): [(332, 3.0)]
any final <0.90: 0  <=0.85: 0  min 0.94
  rand {'min': 0.945, 'p5': 0.9625, 'median': 0.9875, 'max': 1.0}
  WH {'min': 0.9425, 'p5': 0.9425, 'median': 0.9425, 'max': 0.95}
  WH+- {'min': 0.94, 'p5': 0.9425, 'median': 0.975, 'max': 0.98}
  flat {'min': 0.9775, 'p5': 0.9875, 'median': 1.0, 'max': 1.0}

### 8x8, 4 per row: 220 boards, npairs=1024; stage1 K=100 108s; refine 6 lowest x5 seeds K=500 71s
distribution of best-found (stage1 K=100): {'min': 0.8643, 'p5': 0.8682, 'median': 0.957, 'max': 1.0}
distribution after refinement of lowest: {'min': 0.8662, 'p5': 0.8711, 'median': 0.957, 'max': 1.0}
lowest boards (refined best count, per-seed counts, spread):
  board#150 stage1=885.0 refined best=894.0/1024 = 0.8730; seeds=[892.0, 891.0, 890.0, 890.0, 894.0] spread=4.0; rows=[[0, 4, 5, 7], [0, 1, 5, 6], [1, 2, 6, 7], [0, 2, 3, 7], [0, 1, 3, 4], [1, 2, 4, 5], [2, 3, 5, 6], [3, 4, 6, 7]]
  board#153 stage1=885.0 refined best=896.0/1024 = 0.8750; seeds=[892.0, 892.0, 892.0, 896.0, 895.0] spread=4.0; rows=[[0, 2, 3, 7], [0, 1, 3, 4], [1, 2, 4, 5], [2, 3, 5, 6], [3, 4, 6, 7], [0, 4, 5, 7], [0, 1, 5, 6], [1, 2, 6, 7]]
  board#168 stage1=886.0 refined best=893.0/1024 = 0.8721; seeds=[890.0, 891.0, 892.0, 891.0, 893.0] spread=3.0; rows=[[0, 1, 2, 4], [1, 2, 3, 5], [2, 3, 4, 6], [3, 4, 5, 7], [0, 4, 5, 6], [1, 5, 6, 7], [0, 2, 6, 7], [0, 1, 3, 7]]
  board#158 stage1=886.0 refined best=893.0/1024 = 0.8721; seeds=[891.0, 892.0, 890.0, 893.0, 892.0] spread=3.0; rows=[[0, 1, 4, 6], [1, 2, 5, 7], [0, 2, 3, 6], [1, 3, 4, 7], [0, 2, 4, 5], [1, 3, 5, 6], [2, 4, 6, 7], [0, 3, 5, 7]]
  board#151 stage1=887.0 refined best=896.0/1024 = 0.8750; seeds=[890.0, 891.0, 896.0, 893.0, 890.0] spread=6.0; rows=[[2, 4, 5, 6], [3, 5, 6, 7], [0, 4, 6, 7], [0, 1, 5, 7], [0, 1, 2, 6], [1, 2, 3, 7], [0, 2, 3, 4], [1, 3, 4, 5]]
boards among lowest with rerun spread >2/400-equivalent (2 counts on 400 scale = 5.1 counts here): [(151, 6.0)]
any final <0.90: 22  <=0.85: 0  min 0.8662109375

### 10x10, 5 per row: 160 boards, npairs=2500; stage1 K=100 164s; refine 6 lowest x5 seeds K=500 161s
distribution of best-found (stage1 K=100): {'min': 0.8384, 'p5': 0.8839, 'median': 0.9252, 'max': 0.9928}
distribution after refinement of lowest: {'min': 0.846, 'p5': 0.8839, 'median': 0.9252, 'max': 0.9928}
lowest boards (refined best count, per-seed counts, spread):
  board#138 stage1=2096.0 refined best=2115.0/2500 = 0.8460; seeds=[2115.0, 2104.0, 2106.0, 2113.0, 2108.0] spread=11.0; rows=[[1, 2, 3, 4, 7], [2, 3, 4, 5, 8], [3, 4, 5, 6, 9], [0, 4, 5, 6, 7], [1, 5, 6, 7, 8], [2, 6, 7, 8, 9], [0, 3, 7, 8, 9], [0, 1, 4, 8, 9], [0, 1, 2, 5, 9], [0, 1, 2, 3, 6]]
  board#127 stage1=2099.0 refined best=2116.0/2500 = 0.8464; seeds=[2107.0, 2108.0, 2116.0, 2114.0, 2105.0] spread=11.0; rows=[[0, 2, 6, 7, 9], [0, 1, 3, 7, 8], [1, 2, 4, 8, 9], [0, 2, 3, 5, 9], [0, 1, 3, 4, 6], [1, 2, 4, 5, 7], [2, 3, 5, 6, 8], [3, 4, 6, 7, 9], [0, 4, 5, 7, 8], [1, 5, 6, 8, 9]]
  board#134 stage1=2111.0 refined best=2130.0/2500 = 0.8520; seeds=[2114.0, 2112.0, 2130.0, 2102.0, 2105.0] spread=28.0; rows=[[0, 1, 4, 7, 9], [0, 1, 2, 5, 8], [1, 2, 3, 6, 9], [0, 2, 3, 4, 7], [1, 3, 4, 5, 8], [2, 4, 5, 6, 9], [0, 3, 5, 6, 7], [1, 4, 6, 7, 8], [2, 5, 7, 8, 9], [0, 3, 6, 8, 9]]
  board#124 stage1=2164.0 refined best=2177.0/2500 = 0.8708; seeds=[2167.0, 2165.0, 2177.0, 2173.0, 2169.0] spread=12.0; rows=[[4, 5, 6, 7, 9], [0, 5, 6, 7, 8], [1, 6, 7, 8, 9], [0, 2, 7, 8, 9], [0, 1, 3, 8, 9], [0, 1, 2, 4, 9], [0, 1, 2, 3, 5], [1, 2, 3, 4, 6], [2, 3, 4, 5, 7], [3, 4, 5, 6, 8]]
  board#129 stage1=2164.0 refined best=2176.0/2500 = 0.8704; seeds=[2169.0, 2173.0, 2168.0, 2164.0, 2176.0] spread=12.0; rows=[[2, 3, 6, 8, 9], [0, 3, 4, 7, 9], [0, 1, 4, 5, 8], [1, 2, 5, 6, 9], [0, 2, 3, 6, 7], [1, 3, 4, 7, 8], [2, 4, 5, 8, 9], [0, 3, 5, 6, 9], [0, 1, 4, 6, 7], [1, 2, 5, 7, 8]]
boards among lowest with rerun spread >2/400-equivalent (2 counts on 400 scale = 12.5 counts here): [(134, 28.0)]
any final <0.90: 18  <=0.85: 2  min 0.846

### 13x13, 6 per row: 101 boards, npairs=7098; stage1 K=100 269s; refine 6 lowest x5 seeds K=300 238s
distribution of best-found (stage1 K=100): {'min': 0.7959, 'p5': 0.8136, 'median': 0.8897, 'max': 0.9669}
distribution after refinement of lowest: {'min': 0.8068, 'p5': 0.8188, 'median': 0.8897, 'max': 0.9669}
lowest boards (refined best count, per-seed counts, spread):
  board#73 stage1=5649.0 refined best=5747.0/7098 = 0.8097; seeds=[5701.0, 5747.0, 5691.0, 5716.0, 5680.0] spread=67.0; rows=[[0, 1, 6, 7, 9, 11], [1, 2, 7, 8, 10, 12], [0, 2, 3, 8, 9, 11], [1, 3, 4, 9, 10, 12], [0, 2, 4, 5, 10, 11], [1, 3, 5, 6, 11, 12], [0, 2, 4, 6, 7, 12], [0, 1, 3, 5, 7, 8], [1, 2, 4, 6, 8, 9], [2, 3, 5, 7, 9, 10], [3, 4, 6, 8, 10, 11], [4, 5, 7, 9, 11, 12], [0, 5, 6, 8, 10, 12]]
  board#100 stage1=5668.0 refined best=5727.0/7098 = 0.8068; seeds=[5690.0, 5702.0, 5727.0, 5711.0, 5689.0] spread=38.0; rows=[[1, 3, 4, 9, 10, 12], [0, 2, 4, 5, 10, 11], [1, 3, 5, 6, 11, 12], [0, 2, 4, 6, 7, 12], [0, 1, 3, 5, 7, 8], [1, 2, 4, 6, 8, 9], [2, 3, 5, 7, 9, 10], [3, 4, 6, 8, 10, 11], [4, 5, 7, 9, 11, 12], [0, 5, 6, 8, 10, 12], [0, 1, 6, 7, 9, 11], [1, 2, 7, 8, 10, 12], [0, 2, 3, 8, 9, 11]]
  board#62 stage1=5751.0 refined best=5770.0/7098 = 0.8129; seeds=[5758.0, 5753.0, 5770.0, 5768.0, 5763.0] spread=17.0; rows=[[0, 1, 3, 8, 9, 12], [0, 1, 2, 4, 9, 10], [1, 2, 3, 5, 10, 11], [2, 3, 4, 6, 11, 12], [0, 3, 4, 5, 7, 12], [0, 1, 4, 5, 6, 8], [1, 2, 5, 6, 7, 9], [2, 3, 6, 7, 8, 10], [3, 4, 7, 8, 9, 11], [4, 5, 8, 9, 10, 12], [0, 5, 6, 9, 10, 11], [1, 6, 7, 10, 11, 12], [0, 2, 7, 8, 11, 12]]
  board#74 stage1=5752.0 refined best=5792.0/7098 = 0.8160; seeds=[5775.0, 5789.0, 5751.0, 5792.0, 5762.0] spread=41.0; rows=[[2, 3, 5, 6, 9, 11], [3, 4, 6, 7, 10, 12], [0, 4, 5, 7, 8, 11], [1, 5, 6, 8, 9, 12], [0, 2, 6, 7, 9, 10], [1, 3, 7, 8, 10, 11], [2, 4, 8, 9, 11, 12], [0, 3, 5, 9, 10, 12], [0, 1, 4, 6, 10, 11], [1, 2, 5, 7, 11, 12], [0, 2, 3, 6, 8, 12], [0, 1, 3, 4, 7, 9], [1, 2, 4, 5, 8, 10]]
  board#66 stage1=5765.0 refined best=5782.0/7098 = 0.8146; seeds=[5751.0, 5776.0, 5768.0, 5765.0, 5782.0] spread=31.0; rows=[[1, 6, 7, 8, 11, 12], [0, 2, 7, 8, 9, 12], [0, 1, 3, 8, 9, 10], [1, 2, 4, 9, 10, 11], [2, 3, 5, 10, 11, 12], [0, 3, 4, 6, 11, 12], [0, 1, 4, 5, 7, 12], [0, 1, 2, 5, 6, 8], [1, 2, 3, 6, 7, 9], [2, 3, 4, 7, 8, 10], [3, 4, 5, 8, 9, 11], [4, 5, 6, 9, 10, 12], [0, 5, 6, 7, 10, 11]]
boards among lowest with rerun spread >2/400-equivalent (2 counts on 400 scale = 35.5 counts here): [(73, 67.0), (100, 38.0), (74, 41.0)]
any final <0.90: 61  <=0.85: 12  min 0.8068469991546915
