INPUTS {
 "raw_store": "C:\\Users\\mikha\\Documents\\dpc-research\\connectome-seed-data\\knockout_regrow\\flyvis65_20260925T171656Z_74de0401a21f\\raw_fits_real.json.gz",
 "raw_store_sha256": "3c20e837d07ebba10db20963712bf87a8633c410e8a483ac4b10d65c737e6006",
 "raw_store_pinned": "3c20e837d07ebba10db20963712bf87a8633c410e8a483ac4b10d65c737e6006",
 "files_sha256_lf": {
  "results/genome/bank/offsets.csv": "8c45e8508d8f6ae45e9ab3f9d95d58e4521894ccfa51954f6d77d41e550fa5f0",
  "results/genome/bank/types.csv": "237a195a36f62ce182fee8486394c27d2beb9825bc029cb215c39c0fa323a477",
  "results/genome/c6/folds.csv": "fb6f153b67fe1785a76c3823911e6fbb91cdda57ec952b36c40b4c95f1e213b8",
  "results/genome/c6/harness.py": "6fc809527c69ee84aadebfc15c0ba755c189ddc93c80c05c0fa11d969a8d7297",
  "results/genome/c6/rules/second_rule_v21/fit.py": "92eb6ab1524bb22379b2d21184d10f493ff4c803a41918be8ee16f389a58d16c",
  "results/genome/c6/rules/second_rule_v21/decode.py": "39a049013af18a1e89e534d9d378a5f59a772b894d7fab5b79f82f702723a15a",
  "results/genome/c6/decoders/bf_decode.py": "6404210c5e78bbaaa14c6cddc6df7fc41ce958e6ff957c062cc956faad59c1de",
  "results/genome/c6/decoders/n1_decode.py": "e9eb00e174fa3454046f8cc92439f2132f27697d5b7467bd3f22b64a37c8db96",
  "docs/plans/2026-09-30-symmetric-lambda-pair-registration.md": "8865753ee1c7d9c946d434e08d7227c1f29ae0500fef6339f1b22e55fe507808",
  "results/genome/c6/checks/knockout_regrow.py": "113c4526000f77d773b5db57890554e8a8797587683ce3f31f991d9cc77bb9dc",
  "results/genome/c6/checks/knockout_regrow_block_b.py": "e650e47e5f6660500eca10fcb08f48ad68f41a25838892d3148fcc4616bb887b",
  "results/genome/c6/checks/failed_fit_calibration.py": "220201c229800097aed62afba242a7e3593d9f7205274fc015207ab795d3af43",
  "results/genome/c6/checks/natural_fit_failure_replication.py": "a802afa984c95345a5efd69fd8df2016df25edc1b90d6d76130549544f0f2fee",
  "results/genome/c6/checks/block_b_ceil1.py": "e4b85ff168f33614c8bb7c9132267054024153752bac26dc50d1263d6355391b",
  "docs/prereg-scripts/2026-09-29-capacity-survey/survey.py": "0bbdd15cc5f1c9a2bc5b31b33cf36c7650eb8100d71b6535510e8d930b77c000",
  "results/genome/c6/checks/knockout_regrow/summary.json": "1337c57728bb54ed27a1413e78a0107bc6b874dbf96a61d5c25fc2fe7760a82c",
  "results/genome/c6/checks/knockout_regrow_block_b/summary.json": "a43e0319bf040d421e6a7d1ef5f7e34131bb4d862b34cf4fa4e1441c2592f520",
  "results/genome/c6/checks/block_b_ceil1/result.json": "3c1e6d32a7a0aca60a482f0621d47d1bbecfe9706ae64b97250a691ea6aa0249"
 },
 "this_script_sha256_lf": "1a084350251ce7ad212d45d26c7447471ec693c3e7f34f8d3121714ab99486da",
 "registration_sha256_lf": "8865753ee1c7d9c946d434e08d7227c1f29ae0500fef6339f1b22e55fe507808",
 "registration_pinned": "8865753ee1c7d9c946d434e08d7227c1f29ae0500fef6339f1b22e55fe507808",
 "git_head": "b44d3836973602f32f7bd021d9f399ab5763b150",
 "git_status_porcelain": ""
}
gate checks passed: pins, block A and mask, AUC function, file hashes, survey copy, raw store, stored control, the two reading controls
CONTROL (A, lambda = 1): ceiling_block 1.0 (tau 1.0); expected 1.0; min gap between p levels 0.7500000437558088; p bit-equal to the store: True
CONTROL passed
cert_A: 1/1 = 1.000000 (tau 1.000000); counts agree: True; rerun spread 0.0
ceil_100_A (quantised) 0.500000 (tau 0.500000); ceil_100_A_float 0.500000 (tau 0.500000); max |u.v| (diagnostic) 3.289222246986234e-19
BRANCH: (b) A would fail at lambda = 100 as B did; flags: -
cert_A >= 0.90 and ceil_100_A < 0.90: A would fail at lambda = 100 as B did: the A/B pair differs by the lambda choice, not shown to differ by the block.
OBJECT 2, B_at_lambda_1: G: not detected at the R level above gamma_R (gate: rule #2.1's ceiling_block = 0.9624 >= 0.90; gamma_R = 0.75 (bracket (0.6, 0.75]); leg P from gamma*_P = 0.75 (bracket (0.6, 0.75]); family limit = 0.75 (set by rule #2.1, BF_1, BF_2, BF_3, BF_4); transition band empty: the two limits coincide (0 grid steps, 0 in gamma); per gamma seen/n, R/n: 0.5: 1/5, 1/5; 0.6: 1/5, 1/5; 0.75: 4/5, 4/5; 0.85: 5/5, 5/5; 1.0: 5/5, 5/5; M-world units; instrument: BF_LAMBDAS [1, 3, 10, 30, 100], ties within 1e-9 go to the larger lambda (harness.py:727-728), STARTS = 10)
  deciding clause: G clause: not R and not W (rule #2.1 -> -, BF_1 -> -); every p_P > 0.10 (smallest: BF_4 0.2442); the gate is passed (rule #2.1's ceiling_block = 0.9624 >= 0.90).
OBJECT 2, A_at_lambda_100: U: failed fit: rule #2.1 cannot hold the block even when trained on it alone
  deciding clause: U clause: rule #2.1's ceiling_block = 0.5000 is below 0.90: the rule cannot hold the block even when trained on it alone. (The gate reads rule #2.1's ceiling_block = 0.5000; every p_P: rule #2.1 0.3288, BF_1 0.3837, BF_2 0.4912, BF_3 0.5119, BF_4 0.5042.)
B reading as expected (G): True
done
